Archive member included because of file (symbol)

c:/program files (x86)/atmel/atmel toolchain/arm gcc/native/4.8.1437/arm-gnu-toolchain/bin/../lib/gcc/arm-none-eabi/4.8.4/armv7-m\libgcc.a(_arm_addsubdf3.o)
                              src/Communication.o (__aeabi_dadd)
c:/program files (x86)/atmel/atmel toolchain/arm gcc/native/4.8.1437/arm-gnu-toolchain/bin/../lib/gcc/arm-none-eabi/4.8.4/armv7-m\libgcc.a(_arm_muldivdf3.o)
                              src/Communication.o (__aeabi_dmul)
c:/program files (x86)/atmel/atmel toolchain/arm gcc/native/4.8.1437/arm-gnu-toolchain/bin/../lib/gcc/arm-none-eabi/4.8.4/armv7-m\libgcc.a(_arm_truncdfsf2.o)
                              src/Communication.o (__aeabi_d2f)
c:/program files (x86)/atmel/atmel toolchain/arm gcc/native/4.8.1437/arm-gnu-toolchain/bin/../lib/gcc/arm-none-eabi/4.8.4/armv7-m\libgcc.a(_arm_addsubsf3.o)
                              src/PIDController.o (__aeabi_fsub)
c:/program files (x86)/atmel/atmel toolchain/arm gcc/native/4.8.1437/arm-gnu-toolchain/bin/../lib/gcc/arm-none-eabi/4.8.4/armv7-m\libgcc.a(_arm_muldivsf3.o)
                              src/PIDController.o (__aeabi_fmul)
c:/program files (x86)/atmel/atmel toolchain/arm gcc/native/4.8.1437/arm-gnu-toolchain/bin/../lib/gcc/arm-none-eabi/4.8.4/armv7-m\libgcc.a(_arm_cmpsf2.o)
                              src/PIDController.o (__aeabi_fcmple)
c:/program files (x86)/atmel/atmel toolchain/arm gcc/native/4.8.1437/arm-gnu-toolchain/bin/../lib/gcc/arm-none-eabi/4.8.4/armv7-m\libgcc.a(_arm_fixsfsi.o)
                              src/Communication.o (__aeabi_f2iz)
c:/program files (x86)/atmel/atmel toolchain/arm gcc/native/4.8.1437/arm-gnu-toolchain/bin/../lib/gcc/arm-none-eabi/4.8.4/armv7-m\libgcc.a(_arm_fixunssfsi.o)
                              src/PIDController.o (__aeabi_f2uiz)
c:/program files (x86)/atmel/atmel toolchain/arm gcc/native/4.8.1437/arm-gnu-toolchain/bin/../lib/gcc/arm-none-eabi/4.8.4/../../../../arm-none-eabi/lib/armv7-m\libc.a(lib_a-atof.o)
                              src/Communication.o (atof)
c:/program files (x86)/atmel/atmel toolchain/arm gcc/native/4.8.1437/arm-gnu-toolchain/bin/../lib/gcc/arm-none-eabi/4.8.4/../../../../arm-none-eabi/lib/armv7-m\libc.a(lib_a-exit.o)
                              c:/program files (x86)/atmel/atmel toolchain/arm gcc/native/4.8.1437/arm-gnu-toolchain/bin/../lib/gcc/arm-none-eabi/4.8.4/../../../../arm-none-eabi/lib/armv7-m/crt0.o (exit)
c:/program files (x86)/atmel/atmel toolchain/arm gcc/native/4.8.1437/arm-gnu-toolchain/bin/../lib/gcc/arm-none-eabi/4.8.4/../../../../arm-none-eabi/lib/armv7-m\libc.a(lib_a-impure.o)
                              c:/program files (x86)/atmel/atmel toolchain/arm gcc/native/4.8.1437/arm-gnu-toolchain/bin/../lib/gcc/arm-none-eabi/4.8.4/../../../../arm-none-eabi/lib/armv7-m\libc.a(lib_a-exit.o) (_global_impure_ptr)
c:/program files (x86)/atmel/atmel toolchain/arm gcc/native/4.8.1437/arm-gnu-toolchain/bin/../lib/gcc/arm-none-eabi/4.8.4/../../../../arm-none-eabi/lib/armv7-m\libc.a(lib_a-init.o)
                              c:/program files (x86)/atmel/atmel toolchain/arm gcc/native/4.8.1437/arm-gnu-toolchain/bin/../lib/gcc/arm-none-eabi/4.8.4/../../../../arm-none-eabi/lib/armv7-m/crt0.o (__libc_init_array)
c:/program files (x86)/atmel/atmel toolchain/arm gcc/native/4.8.1437/arm-gnu-toolchain/bin/../lib/gcc/arm-none-eabi/4.8.4/../../../../arm-none-eabi/lib/armv7-m\libc.a(lib_a-iprintf.o)
                              src/ASF/sam/drivers/adc/adc.o (iprintf)
c:/program files (x86)/atmel/atmel toolchain/arm gcc/native/4.8.1437/arm-gnu-toolchain/bin/../lib/gcc/arm-none-eabi/4.8.4/../../../../arm-none-eabi/lib/armv7-m\libc.a(lib_a-iscanf.o)
                              src/Communication.o (iscanf)
c:/program files (x86)/atmel/atmel toolchain/arm gcc/native/4.8.1437/arm-gnu-toolchain/bin/../lib/gcc/arm-none-eabi/4.8.4/../../../../arm-none-eabi/lib/armv7-m\libc.a(lib_a-memcpy.o)
                              src/ASF/thirdparty/freertos/freertos-7.3.0/source/queue.o (memcpy)
c:/program files (x86)/atmel/atmel toolchain/arm gcc/native/4.8.1437/arm-gnu-toolchain/bin/../lib/gcc/arm-none-eabi/4.8.4/../../../../arm-none-eabi/lib/armv7-m\libc.a(lib_a-memset.o)
                              c:/program files (x86)/atmel/atmel toolchain/arm gcc/native/4.8.1437/arm-gnu-toolchain/bin/../lib/gcc/arm-none-eabi/4.8.4/../../../../arm-none-eabi/lib/armv7-m/crt0.o (memset)
c:/program files (x86)/atmel/atmel toolchain/arm gcc/native/4.8.1437/arm-gnu-toolchain/bin/../lib/gcc/arm-none-eabi/4.8.4/../../../../arm-none-eabi/lib/armv7-m\libc.a(lib_a-puts.o)
                              src/ASF/sam/drivers/adc/adc.o (puts)
c:/program files (x86)/atmel/atmel toolchain/arm gcc/native/4.8.1437/arm-gnu-toolchain/bin/../lib/gcc/arm-none-eabi/4.8.4/../../../../arm-none-eabi/lib/armv7-m\libc.a(lib_a-setbuf.o)
                              src/Communication.o (setbuf)
[...]
Memory Configuration

Name             Origin             Length             Attributes
rom              0x00080000         0x00080000         xr
sram0            0x20000000         0x00010000         xrw
sram1            0x20080000         0x00008000         xrw
ram              0x20070000         0x00018000         xrw
*default*        0x00000000         0xffffffff

Linker script and memory map

LOAD c:/program files (x86)/atmel/atmel toolchain/arm gcc/native/4.8.1437/arm-gnu-toolchain/bin/../lib/gcc/arm-none-eabi/4.8.4/armv7-m/crti.o
LOAD c:/program files (x86)/atmel/atmel toolchain/arm gcc/native/4.8.1437/arm-gnu-toolchain/bin/../lib/gcc/arm-none-eabi/4.8.4/armv7-m/crtbegin.o
LOAD c:/program files (x86)/atmel/atmel toolchain/arm gcc/native/4.8.1437/arm-gnu-toolchain/bin/../lib/gcc/arm-none-eabi/4.8.4/../../../../arm-none-eabi/lib/armv7-m/crt0.o
LOAD src/ASF/common/utils/stdio/read.o
LOAD src/ASF/sam/drivers/adc/adc.o
LOAD src/ASF/sam/drivers/adc/adc_sam3u.o
LOAD src/ASF/sam/drivers/pwm/pwm.o
LOAD src/ASF/sam/drivers/tc/tc.o
LOAD src/ASF/thirdparty/freertos/freertos-7.3.0/source/FreeRTOS_CLI.o
LOAD src/Communication.o
LOAD src/PIDController.o
LOAD src/PWMFunctions.o
LOAD src/Sensor.o
LOAD src/ASF/thirdparty/freertos/freertos-7.3.0/source/list.o
LOAD src/ASF/thirdparty/freertos/freertos-7.3.0/source/portable/gcc/sam/port.o
LOAD src/ASF/thirdparty/freertos/freertos-7.3.0/source/portable/memmang/heap_4.o
LOAD src/ASF/thirdparty/freertos/freertos-7.3.0/source/queue.o
LOAD src/ASF/thirdparty/freertos/freertos-7.3.0/source/tasks.o
LOAD src/ASF/thirdparty/freertos/freertos-7.3.0/source/timers.o
LOAD src/ASF/common/utils/stdio/write.o
LOAD src/ASF/common/services/serial/usart_serial.o
LOAD src/ASF/sam/drivers/uart/uart.o
LOAD src/ASF/sam/drivers/usart/usart.o
LOAD src/ASF/common/services/clock/sam3x/sysclk.o
LOAD src/ASF/common/utils/interrupt/interrupt_sam_nvic.o
LOAD src/ASF/sam/boards/arduino_due_x/init.o
LOAD src/ASF/sam/drivers/pio/pio.o
LOAD src/ASF/sam/drivers/pio/pio_handler.o
LOAD src/ASF/sam/drivers/pmc/pmc.o
LOAD src/ASF/sam/drivers/pmc/sleep.o
LOAD src/ASF/sam/utils/cmsis/sam3x/source/templates/exceptions.o
LOAD src/ASF/sam/utils/cmsis/sam3x/source/templates/gcc/startup_sam3x.o
LOAD src/ASF/sam/utils/cmsis/sam3x/source/templates/system_sam3x.o
LOAD src/ASF/sam/utils/syscalls/gcc/syscalls.o
LOAD src/main.o
START GROUP
LOAD ../src/ASF/thirdparty/CMSIS/Lib/GCC\libarm_cortexM3l_math.a
LOAD c:/program files (x86)/atmel/atmel toolchain/arm gcc/native/4.8.1437/arm-gnu-toolchain/bin/../lib/gcc/arm-none-eabi/4.8.4/../../../../arm-none-eabi/lib/armv7-m\libm.a
END GROUP
START GROUP
LOAD c:/program files (x86)/atmel/atmel toolchain/arm gcc/native/4.8.1437/arm-gnu-toolchain/bin/../lib/gcc/arm-none-eabi/4.8.4/armv7-m\libgcc.a
LOAD c:/program files (x86)/atmel/atmel toolchain/arm gcc/native/4.8.1437/arm-gnu-toolchain/bin/../lib/gcc/arm-none-eabi/4.8.4/../../../../arm-none-eabi/lib/armv7-m\libc.a
END GROUP
LOAD c:/program files (x86)/atmel/atmel toolchain/arm gcc/native/4.8.1437/arm-gnu-toolchain/bin/../lib/gcc/arm-none-eabi/4.8.4/armv7-m/crtend.o
LOAD c:/program files (x86)/atmel/atmel toolchain/arm gcc/native/4.8.1437/arm-gnu-toolchain/bin/../lib/gcc/arm-none-eabi/4.8.4/armv7-m/crtn.o
                0x00002000                __stack_size__ = DEFINED (__stack_size__)?__stack_size__:0x2000
                0x20087ffc                __ram_end__ = ((ORIGIN (ram) + 0x18000) - 0x4)

.text           0x00080000     0xa4a0
                0x00080000                . = ALIGN (0x4)
                0x00080000                _sfixed = .
 *(.vectors .vectors.*)
 .vectors       0x00080000       0xf4 src/ASF/sam/utils/cmsis/sam3x/source/templates/gcc/startup_sam3x.o
                0x00080000                exception_table
 *(.text .text.* .gnu.linkonce.t.*)
 .text          0x000800f4       0x54 c:/program files (x86)/atmel/atmel toolchain/arm gcc/native/4.8.1437/arm-gnu-toolchain/bin/../lib/gcc/arm-none-eabi/4.8.4/armv7-m/crtbegin.o
 .text._read    0x00080148       0x40 src/ASF/common/utils/stdio/read.o
                0x00080148                _read
 .text.adc_init
                0x00080188       0x34 src/ASF/sam/drivers/adc/adc.o
                0x00080188                adc_init
 .text.adc_set_resolution
                0x000801bc       0x10 src/ASF/sam/drivers/adc/adc.o
                0x000801bc                adc_set_resolution
 .text.adc_configure_trigger
                0x000801cc       0x10 src/ASF/sam/drivers/adc/adc.o
                0x000801cc                adc_configure_trigger
 .text.adc_configure_timing
                0x000801dc       0x20 src/ASF/sam/drivers/adc/adc.o
                0x000801dc                adc_configure_timing
 .text.adc_start
                0x000801fc        0x8 src/ASF/sam/drivers/adc/adc.o
                0x000801fc                adc_start
 .text.adc_enable_channel
                0x00080204        0xc src/ASF/sam/drivers/adc/adc.o
                0x00080204                adc_enable_channel
 .text.adc_get_channel_value
                0x00080210       0x10 src/ASF/sam/drivers/adc/adc.o
                0x00080210                adc_get_channel_value
 .text.pwm_clocks_generate
                0x00080220       0x58 src/ASF/sam/drivers/pwm/pwm.o
 .text.pwm_init
                0x00080278       0x40 src/ASF/sam/drivers/pwm/pwm.o
                0x00080278                pwm_init
 .text.pwm_channel_init
                0x000802b8      0x104 src/ASF/sam/drivers/pwm/pwm.o
                0x000802b8                pwm_channel_init
 .text.pwm_channel_update_duty
                0x000803bc       0x24 src/ASF/sam/drivers/pwm/pwm.o
                0x000803bc                pwm_channel_update_duty
 .text.pwm_channel_enable
                0x000803e0        0xc src/ASF/sam/drivers/pwm/pwm.o
                0x000803e0                pwm_channel_enable
 .text.pwm_channel_disable
                0x000803ec        0xc src/ASF/sam/drivers/pwm/pwm.o
                0x000803ec                pwm_channel_disable
 .text.usart_serial_getchar
                0x000803f8       0xa8 src/Communication.o
 .text.usart_serial_putchar
                0x000804a0       0xa8 src/Communication.o
 .text.configure_console
                0x00080548       0xa0 src/Communication.o
                0x00080548                configure_console
 .text.send     0x000805e8       0x6c src/Communication.o
                0x000805e8                send
 *fill*         0x00080654        0x4 
 .text.recive   0x00080658      0x158 src/Communication.o
                0x00080658                recive
 .text.matlab   0x000807b0       0x3c src/Communication.o
                0x000807b0                matlab
 .text.pid      0x000807ec      0x110 src/PIDController.o
                0x000807ec                pid
 .text.pwm_setup
                0x000808fc       0x8c src/PWMFunctions.o
                0x000808fc                pwm_setup
 .text.update_pwm
                0x00080988       0x34 src/PWMFunctions.o
                0x00080988                update_pwm
 .text.motor_shield_setup
                0x000809bc       0x24 src/PWMFunctions.o
                0x000809bc                motor_shield_setup
 .text.adc_setup
                0x000809e0       0x64 src/Sensor.o
                0x000809e0                adc_setup
 .text.read_sensor
                0x00080a44       0x38 src/Sensor.o
                0x00080a44                read_sensor
 .text.set_global_d
                0x00080a7c       0x4c src/Sensor.o
                0x00080a7c                set_global_d
 .text.vListInitialise
                0x00080ac8       0x18 src/ASF/thirdparty/freertos/freertos-7.3.0/source/list.o
                0x00080ac8                vListInitialise
 .text.vListInitialiseItem
                0x00080ae0        0x8 src/ASF/thirdparty/freertos/freertos-7.3.0/source/list.o
                0x00080ae0                vListInitialiseItem
 .text.vListInsertEnd
                0x00080ae8       0x1c src/ASF/thirdparty/freertos/freertos-7.3.0/source/list.o
                0x00080ae8                vListInsertEnd
 .text.vListInsert
                0x00080b04       0x44 src/ASF/thirdparty/freertos/freertos-7.3.0/source/list.o
                0x00080b04                vListInsert
 .text.uxListRemove
                0x00080b48       0x28 src/ASF/thirdparty/freertos/freertos-7.3.0/source/list.o
                0x00080b48                uxListRemove
 .text.prvPortStartFirstTask
                0x00080b70       0x14 src/ASF/thirdparty/freertos/freertos-7.3.0/source/portable/gcc/sam/port.o
 .text.pxPortInitialiseStack
                0x00080b84       0x1c src/ASF/thirdparty/freertos/freertos-7.3.0/source/portable/gcc/sam/port.o
                0x00080b84                pxPortInitialiseStack
 .text.SVC_Handler
                0x00080ba0       0x20 src/ASF/thirdparty/freertos/freertos-7.3.0/source/portable/gcc/sam/port.o
                0x00080ba0                SVC_Handler
 .text.vPortYieldFromISR
                0x00080bc0       0x10 src/ASF/thirdparty/freertos/freertos-7.3.0/source/portable/gcc/sam/port.o
                0x00080bc0                vPortYieldFromISR
 .text.ulPortSetInterruptMask
                0x00080bd0       0x10 src/ASF/thirdparty/freertos/freertos-7.3.0/source/portable/gcc/sam/port.o
                0x00080bd0                ulPortSetInterruptMask
 .text.vPortEnterCritical
                0x00080be0       0x18 src/ASF/thirdparty/freertos/freertos-7.3.0/source/portable/gcc/sam/port.o
                0x00080be0                vPortEnterCritical
 .text.vPortClearInterruptMask
                0x00080bf8        0x8 src/ASF/thirdparty/freertos/freertos-7.3.0/source/portable/gcc/sam/port.o
                0x00080bf8                vPortClearInterruptMask
 .text.vPortExitCritical
                0x00080c00       0x1c src/ASF/thirdparty/freertos/freertos-7.3.0/source/portable/gcc/sam/port.o
                0x00080c00                vPortExitCritical
 .text.PendSV_Handler
                0x00080c1c       0x3c src/ASF/thirdparty/freertos/freertos-7.3.0/source/portable/gcc/sam/port.o
                0x00080c1c                PendSV_Handler
 .text.SysTick_Handler
                0x00080c58       0x2c src/ASF/thirdparty/freertos/freertos-7.3.0/source/portable/gcc/sam/port.o
                0x00080c58                SysTick_Handler
 .text.vPortSetupTimerInterrupt
                0x00080c84       0x18 src/ASF/thirdparty/freertos/freertos-7.3.0/source/portable/gcc/sam/port.o
                0x00080c84                vPortSetupTimerInterrupt
 .text.xPortStartScheduler
                0x00080c9c       0x38 src/ASF/thirdparty/freertos/freertos-7.3.0/source/portable/gcc/sam/port.o
                0x00080c9c                xPortStartScheduler
 .text.prvInsertBlockIntoFreeList
                0x00080cd4       0x58 src/ASF/thirdparty/freertos/freertos-7.3.0/source/portable/memmang/heap_4.o
 .text.pvPortMalloc
                0x00080d2c       0xc4 src/ASF/thirdparty/freertos/freertos-7.3.0/source/portable/memmang/heap_4.o
                0x00080d2c                pvPortMalloc
 .text.vPortFree
                0x00080df0       0x34 src/ASF/thirdparty/freertos/freertos-7.3.0/source/portable/memmang/heap_4.o
                0x00080df0                vPortFree
 .text.prvCopyDataToQueue
                0x00080e24       0x64 src/ASF/thirdparty/freertos/freertos-7.3.0/source/queue.o
 .text.prvCopyDataFromQueue
                0x00080e88       0x28 src/ASF/thirdparty/freertos/freertos-7.3.0/source/queue.o
 .text.prvUnlockQueue
                0x00080eb0       0x8c src/ASF/thirdparty/freertos/freertos-7.3.0/source/queue.o
 .text.xQueueGenericReset
                0x00080f3c       0x7c src/ASF/thirdparty/freertos/freertos-7.3.0/source/queue.o
                0x00080f3c                xQueueGenericReset
 .text.xQueueGenericCreate
                0x00080fb8       0x58 src/ASF/thirdparty/freertos/freertos-7.3.0/source/queue.o
                0x00080fb8                xQueueGenericCreate
 .text.xQueueGenericSend
                0x00081010      0x124 src/ASF/thirdparty/freertos/freertos-7.3.0/source/queue.o
                0x00081010                xQueueGenericSend
 .text.xQueueGenericSendFromISR
                0x00081134       0x90 src/ASF/thirdparty/freertos/freertos-7.3.0/source/queue.o
                0x00081134                xQueueGenericSendFromISR
 .text.xQueueGenericReceive
                0x000811c4      0x164 src/ASF/thirdparty/freertos/freertos-7.3.0/source/queue.o
                0x000811c4                xQueueGenericReceive
 .text.vQueueWaitForMessageRestricted
                0x00081328       0x4c src/ASF/thirdparty/freertos/freertos-7.3.0/source/queue.o
                0x00081328                vQueueWaitForMessageRestricted
 .text.prvAddCurrentTaskToDelayedList
                0x00081374       0x5c src/ASF/thirdparty/freertos/freertos-7.3.0/source/tasks.o
 .text.xTaskGenericCreate
                0x000813d0      0x208 src/ASF/thirdparty/freertos/freertos-7.3.0/source/tasks.o
                0x000813d0                xTaskGenericCreate
 .text.vTaskStartScheduler
                0x000815d8       0x6c src/ASF/thirdparty/freertos/freertos-7.3.0/source/tasks.o
                0x000815d8                vTaskStartScheduler
 .text.vTaskSuspendAll
                0x00081644       0x10 src/ASF/thirdparty/freertos/freertos-7.3.0/source/tasks.o
                0x00081644                vTaskSuspendAll
 .text.xTaskGetTickCount
                0x00081654       0x20 src/ASF/thirdparty/freertos/freertos-7.3.0/source/tasks.o
                0x00081654                xTaskGetTickCount
 .text.vTaskIncrementTick
                0x00081674      0x12c src/ASF/thirdparty/freertos/freertos-7.3.0/source/tasks.o
                0x00081674                vTaskIncrementTick
 .text.xTaskResumeAll
                0x000817a0      0x108 src/ASF/thirdparty/freertos/freertos-7.3.0/source/tasks.o
                0x000817a0                xTaskResumeAll
 .text.vTaskDelayUntil
                0x000818a8       0x98 src/ASF/thirdparty/freertos/freertos-7.3.0/source/tasks.o
                0x000818a8                vTaskDelayUntil
 .text.vTaskDelay
                0x00081940       0x4c src/ASF/thirdparty/freertos/freertos-7.3.0/source/tasks.o
                0x00081940                vTaskDelay
 .text.prvIdleTask
                0x0008198c       0x84 src/ASF/thirdparty/freertos/freertos-7.3.0/source/tasks.o
 .text.vTaskSwitchContext
                0x00081a10       0x90 src/ASF/thirdparty/freertos/freertos-7.3.0/source/tasks.o
                0x00081a10                vTaskSwitchContext
 .text.vTaskPlaceOnEventList
                0x00081aa0       0x64 src/ASF/thirdparty/freertos/freertos-7.3.0/source/tasks.o
                0x00081aa0                vTaskPlaceOnEventList
 .text.vTaskPlaceOnEventListRestricted
                0x00081b04       0x48 src/ASF/thirdparty/freertos/freertos-7.3.0/source/tasks.o
                0x00081b04                vTaskPlaceOnEventListRestricted
 .text.xTaskRemoveFromEventList
                0x00081b4c       0x84 src/ASF/thirdparty/freertos/freertos-7.3.0/source/tasks.o
                0x00081b4c                xTaskRemoveFromEventList
 .text.vTaskSetTimeOutState
                0x00081bd0       0x28 src/ASF/thirdparty/freertos/freertos-7.3.0/source/tasks.o
                0x00081bd0                vTaskSetTimeOutState
 .text.xTaskCheckForTimeOut
                0x00081bf8       0x8c src/ASF/thirdparty/freertos/freertos-7.3.0/source/tasks.o
                0x00081bf8                xTaskCheckForTimeOut
 .text.vTaskMissedYield
                0x00081c84        0xc src/ASF/thirdparty/freertos/freertos-7.3.0/source/tasks.o
                0x00081c84                vTaskMissedYield
 .text.xTaskGetCurrentTaskHandle
                0x00081c90        0xc src/ASF/thirdparty/freertos/freertos-7.3.0/source/tasks.o
                0x00081c90                xTaskGetCurrentTaskHandle
 .text.xTaskGetSchedulerState
                0x00081c9c       0x20 src/ASF/thirdparty/freertos/freertos-7.3.0/source/tasks.o
                0x00081c9c                xTaskGetSchedulerState
 .text.vTaskPriorityInherit
                0x00081cbc       0x7c src/ASF/thirdparty/freertos/freertos-7.3.0/source/tasks.o
                0x00081cbc                vTaskPriorityInherit
 .text.vTaskPriorityDisinherit
                0x00081d38       0x50 src/ASF/thirdparty/freertos/freertos-7.3.0/source/tasks.o
                0x00081d38                vTaskPriorityDisinherit
 .text.prvInsertTimerInActiveList
                0x00081d88       0x50 src/ASF/thirdparty/freertos/freertos-7.3.0/source/timers.o
 .text.prvCheckForValidListAndQueue
                0x00081dd8       0x5c src/ASF/thirdparty/freertos/freertos-7.3.0/source/timers.o
 .text.xTimerCreateTimerTask
                0x00081e34       0x4c src/ASF/thirdparty/freertos/freertos-7.3.0/source/timers.o
                0x00081e34                xTimerCreateTimerTask
 .text.xTimerGenericCommand
                0x00081e80       0x58 src/ASF/thirdparty/freertos/freertos-7.3.0/source/timers.o
                0x00081e80                xTimerGenericCommand
 .text.prvSampleTimeNow
                0x00081ed8       0xbc src/ASF/thirdparty/freertos/freertos-7.3.0/source/timers.o
 .text.prvTimerTask
                0x00081f94      0x180 src/ASF/thirdparty/freertos/freertos-7.3.0/source/timers.o
 .text._write   0x00082114       0x54 src/ASF/common/utils/stdio/write.o
                0x00082114                _write
 .text.uart_init
                0x00082168       0x38 src/ASF/sam/drivers/uart/uart.o
                0x00082168                uart_init
 .text.uart_write
                0x000821a0       0x10 src/ASF/sam/drivers/uart/uart.o
                0x000821a0                uart_write
 .text.uart_read
                0x000821b0       0x14 src/ASF/sam/drivers/uart/uart.o
                0x000821b0                uart_read
 .text.usart_write
                0x000821c4       0x14 src/ASF/sam/drivers/usart/usart.o
                0x000821c4                usart_write
 .text.usart_read
                0x000821d8       0x18 src/ASF/sam/drivers/usart/usart.o
                0x000821d8                usart_read
 .text.sysclk_init
                0x000821f0       0x64 src/ASF/common/services/clock/sam3x/sysclk.o
                0x000821f0                sysclk_init
 .text.board_init
                0x00082254       0x70 src/ASF/sam/boards/arduino_due_x/init.o
                0x00082254                board_init
 .text.pio_set_peripheral
                0x000822c4       0x40 src/ASF/sam/drivers/pio/pio.o
                0x000822c4                pio_set_peripheral
 .text.pio_set_input
                0x00082304       0x34 src/ASF/sam/drivers/pio/pio.o
                0x00082304                pio_set_input
 .text.pio_set_output
                0x00082338       0x28 src/ASF/sam/drivers/pio/pio.o
                0x00082338                pio_set_output
 .text.pio_get_interrupt_status
                0x00082360        0x4 src/ASF/sam/drivers/pio/pio.o
                0x00082360                pio_get_interrupt_status
 .text.pio_get_interrupt_mask
                0x00082364        0x4 src/ASF/sam/drivers/pio/pio.o
                0x00082364                pio_get_interrupt_mask
 .text.pio_configure_pin
                0x00082368       0xd4 src/ASF/sam/drivers/pio/pio.o
                0x00082368                pio_configure_pin
 .text.pio_configure_pin_group
                0x0008243c       0xa0 src/ASF/sam/drivers/pio/pio.o
                0x0008243c                pio_configure_pin_group
 .text.pio_handler_process
                0x000824dc       0x58 src/ASF/sam/drivers/pio/pio_handler.o
                0x000824dc                pio_handler_process
 .text.PIOA_Handler
                0x00082534       0x14 src/ASF/sam/drivers/pio/pio_handler.o
                0x00082534                PIOA_Handler
 .text.PIOB_Handler
                0x00082548       0x14 src/ASF/sam/drivers/pio/pio_handler.o
                0x00082548                PIOB_Handler
 .text.PIOC_Handler
                0x0008255c       0x14 src/ASF/sam/drivers/pio/pio_handler.o
                0x0008255c                PIOC_Handler
 .text.PIOD_Handler
                0x00082570       0x14 src/ASF/sam/drivers/pio/pio_handler.o
                0x00082570                PIOD_Handler
 .text.pmc_switch_mck_to_pllack
                0x00082584       0x64 src/ASF/sam/drivers/pmc/pmc.o
                0x00082584                pmc_switch_mck_to_pllack
 .text.pmc_switch_mainck_to_xtal
                0x000825e8       0x54 src/ASF/sam/drivers/pmc/pmc.o
                0x000825e8                pmc_switch_mainck_to_xtal
 .text.pmc_osc_is_ready_mainck
                0x0008263c       0x10 src/ASF/sam/drivers/pmc/pmc.o
                0x0008263c                pmc_osc_is_ready_mainck
 .text.pmc_disable_pllack
                0x0008264c       0x10 src/ASF/sam/drivers/pmc/pmc.o
                0x0008264c                pmc_disable_pllack
 .text.pmc_is_locked_pllack
                0x0008265c       0x10 src/ASF/sam/drivers/pmc/pmc.o
                0x0008265c                pmc_is_locked_pllack
 .text.pmc_enable_periph_clk
                0x0008266c       0x58 src/ASF/sam/drivers/pmc/pmc.o
                0x0008266c                pmc_enable_periph_clk
 .text.Dummy_Handler
                0x000826c4        0x4 src/ASF/sam/utils/cmsis/sam3x/source/templates/exceptions.o
                0x000826c4                DACC_Handler
                0x000826c4                DebugMon_Handler
                0x000826c4                DMAC_Handler
                0x000826c4                TRNG_Handler
                0x000826c4                HardFault_Handler
                0x000826c4                TC2_Handler
                0x000826c4                USART3_Handler
                0x000826c4                TWI1_Handler
                0x000826c4                NMI_Handler
                0x000826c4                TC7_Handler
                0x000826c4                ADC_Handler
                0x000826c4                SMC_Handler
                0x000826c4                USART0_Handler
                0x000826c4                RTT_Handler
                0x000826c4                EFC1_Handler
                0x000826c4                RTC_Handler
                0x000826c4                UsageFault_Handler
                0x000826c4                TC6_Handler
                0x000826c4                WDT_Handler
                0x000826c4                CAN0_Handler
                0x000826c4                TC4_Handler
                0x000826c4                TC1_Handler
                0x000826c4                HSMCI_Handler
                0x000826c4                TC3_Handler
                0x000826c4                Dummy_Handler
                0x000826c4                TWI0_Handler
                0x000826c4                USART1_Handler
                0x000826c4                SSC_Handler
                0x000826c4                EFC0_Handler
                0x000826c4                PMC_Handler
                0x000826c4                PWM_Handler
                0x000826c4                CAN1_Handler
                0x000826c4                MemManage_Handler
                0x000826c4                SUPC_Handler
                0x000826c4                TC8_Handler
                0x000826c4                USART2_Handler
                0x000826c4                EMAC_Handler
                0x000826c4                UART_Handler
                0x000826c4                BusFault_Handler
                0x000826c4                RSTC_Handler
                0x000826c4                TC0_Handler
                0x000826c4                TC5_Handler
                0x000826c4                UOTGHS_Handler
                0x000826c4                SPI0_Handler
 .text.Reset_Handler
                0x000826c8       0xb0 src/ASF/sam/utils/cmsis/sam3x/source/templates/gcc/startup_sam3x.o
                0x000826c8                Reset_Handler
 .text.SystemCoreClockUpdate
                0x00082778      0x11c src/ASF/sam/utils/cmsis/sam3x/source/templates/system_sam3x.o
                0x00082778                SystemCoreClockUpdate
 .text.system_init_flash
                0x00082894       0x88 src/ASF/sam/utils/cmsis/sam3x/source/templates/system_sam3x.o
                0x00082894                system_init_flash
 .text._sbrk    0x0008291c       0x34 src/ASF/sam/utils/syscalls/gcc/syscalls.o
                0x0008291c                _sbrk
 .text._close   0x00082950        0x8 src/ASF/sam/utils/syscalls/gcc/syscalls.o
                0x00082950                _close
 .text._fstat   0x00082958        0xc src/ASF/sam/utils/syscalls/gcc/syscalls.o
                0x00082958                _fstat
 .text._isatty  0x00082964        0x4 src/ASF/sam/utils/syscalls/gcc/syscalls.o
                0x00082964                _isatty
 .text._lseek   0x00082968        0x4 src/ASF/sam/utils/syscalls/gcc/syscalls.o
                0x00082968                _lseek
 .text.main     0x0008296c       0xa8 src/main.o
                0x0008296c                main
 .text          0x00082a14      0x370 c:/program files (x86)/atmel/atmel toolchain/arm gcc/native/4.8.1437/arm-gnu-toolchain/bin/../lib/gcc/arm-none-eabi/4.8.4/armv7-m\libgcc.a(_arm_addsubdf3.o)
                0x00082a14                __aeabi_drsub
                0x00082a1c                __aeabi_dsub
                0x00082a1c                __subdf3
                0x00082a20                __aeabi_dadd
                0x00082a20                __adddf3
                0x00082c98                __floatunsidf
                0x00082c98                __aeabi_ui2d
                0x00082cb8                __floatsidf
                0x00082cb8                __aeabi_i2d
                0x00082cdc                __aeabi_f2d
                0x00082cdc                __extendsfdf2
                0x00082d18                __floatundidf
                0x00082d18                __aeabi_ul2d
                0x00082d28                __floatdidf
                0x00082d28                __aeabi_l2d
 .text          0x00082d84      0x424 c:/program files (x86)/atmel/atmel toolchain/arm gcc/native/4.8.1437/arm-gnu-toolchain/bin/../lib/gcc/arm-none-eabi/4.8.4/armv7-m\libgcc.a(_arm_muldivdf3.o)
                0x00082d84                __aeabi_dmul
                0x00082d84                __muldf3
                0x00082fd8                __divdf3
                0x00082fd8                __aeabi_ddiv
 .text          0x000831a8       0xa0 c:/program files (x86)/atmel/atmel toolchain/arm gcc/native/4.8.1437/arm-gnu-toolchain/bin/../lib/gcc/arm-none-eabi/4.8.4/armv7-m\libgcc.a(_arm_truncdfsf2.o)
                0x000831a8                __truncdfsf2
                0x000831a8                __aeabi_d2f
 .text          0x00083248      0x21c c:/program files (x86)/atmel/atmel toolchain/arm gcc/native/4.8.1437/arm-gnu-toolchain/bin/../lib/gcc/arm-none-eabi/4.8.4/armv7-m\libgcc.a(_arm_addsubsf3.o)
                0x00083248                __aeabi_frsub
                0x00083250                __subsf3
                0x00083250                __aeabi_fsub
                0x00083254                __aeabi_fadd
                0x00083254                __addsf3
                0x000833b4                __aeabi_ui2f
                0x000833b4                __floatunsisf
                0x000833bc                __aeabi_i2f
                0x000833bc                __floatsisf
                0x000833d8                __aeabi_ul2f
                0x000833d8                __floatundisf
                0x000833e8                __aeabi_l2f
                0x000833e8                __floatdisf
 .text          0x00083464      0x2a0 c:/program files (x86)/atmel/atmel toolchain/arm gcc/native/4.8.1437/arm-gnu-toolchain/bin/../lib/gcc/arm-none-eabi/4.8.4/armv7-m\libgcc.a(_arm_muldivsf3.o)
                0x00083464                __mulsf3
                0x00083464                __aeabi_fmul
                0x000835cc                __aeabi_fdiv
                0x000835cc                __divsf3
 .text          0x00083704       0xec c:/program files (x86)/atmel/atmel toolchain/arm gcc/native/4.8.1437/arm-gnu-toolchain/bin/../lib/gcc/arm-none-eabi/4.8.4/armv7-m\libgcc.a(_arm_cmpsf2.o)
                0x00083704                __gesf2
                0x00083704                __gtsf2
                0x0008370c                __lesf2
                0x0008370c                __ltsf2
                0x00083714                __nesf2
                0x00083714                __eqsf2
                0x00083714                __cmpsf2
                0x00083774                __aeabi_cfrcmple
                0x0008377c                __aeabi_cfcmpeq
                0x0008377c                __aeabi_cfcmple
                0x0008378c                __aeabi_fcmpeq
                0x000837a0                __aeabi_fcmplt
                0x000837b4                __aeabi_fcmple
                0x000837c8                __aeabi_fcmpge
                0x000837dc                __aeabi_fcmpgt
 .text          0x000837f0       0x4c c:/program files (x86)/atmel/atmel toolchain/arm gcc/native/4.8.1437/arm-gnu-toolchain/bin/../lib/gcc/arm-none-eabi/4.8.4/armv7-m\libgcc.a(_arm_fixsfsi.o)
                0x000837f0                __aeabi_f2iz
                0x000837f0                __fixsfsi
 .text          0x0008383c       0x40 c:/program files (x86)/atmel/atmel toolchain/arm gcc/native/4.8.1437/arm-gnu-toolchain/bin/../lib/gcc/arm-none-eabi/4.8.4/armv7-m\libgcc.a(_arm_fixunssfsi.o)
                0x0008383c                __fixunssfsi
                0x0008383c                __aeabi_f2uiz
 .text.atof     0x0008387c        0x8 c:/program files (x86)/atmel/atmel toolchain/arm gcc/native/4.8.1437/arm-gnu-toolchain/bin/../lib/gcc/arm-none-eabi/4.8.4/../../../../arm-none-eabi/lib/armv7-m\libc.a(lib_a-atof.o)
                0x0008387c                atof
 .text.__libc_init_array
                0x00083884       0x50 c:/program files (x86)/atmel/atmel toolchain/arm gcc/native/4.8.1437/arm-gnu-toolchain/bin/../lib/gcc/arm-none-eabi/4.8.4/../../../../arm-none-eabi/lib/armv7-m\libc.a(lib_a-init.o)
                0x00083884                __libc_init_array
 .text.iprintf  0x000838d4       0x28 c:/program files (x86)/atmel/atmel toolchain/arm gcc/native/4.8.1437/arm-gnu-toolchain/bin/../lib/gcc/arm-none-eabi/4.8.4/../../../../arm-none-eabi/lib/armv7-m\libc.a(lib_a-iprintf.o)
                0x000838d4                iprintf
 .text.iscanf   0x000838fc       0x28 c:/program files (x86)/atmel/atmel toolchain/arm gcc/native/4.8.1437/arm-gnu-toolchain/bin/../lib/gcc/arm-none-eabi/4.8.4/../../../../arm-none-eabi/lib/armv7-m\libc.a(lib_a-iscanf.o)
                0x000838fc                iscanf
 .text          0x00083924       0xec c:/program files (x86)/atmel/atmel toolchain/arm gcc/native/4.8.1437/arm-gnu-toolchain/bin/../lib/gcc/arm-none-eabi/4.8.4/../../../../arm-none-eabi/lib/armv7-m\libc.a(lib_a-memcpy.o)
                0x00083924                memcpy
 .text.memset   0x00083a10       0x94 c:/program files (x86)/atmel/atmel toolchain/arm gcc/native/4.8.1437/arm-gnu-toolchain/bin/../lib/gcc/arm-none-eabi/4.8.4/../../../../arm-none-eabi/lib/armv7-m\libc.a(lib_a-memset.o)
                0x00083a10                memset
 .text.setbuf   0x00083aa4       0x10 c:/program files (x86)/atmel/atmel toolchain/arm gcc/native/4.8.1437/arm-gnu-toolchain/bin/../lib/gcc/arm-none-eabi/4.8.4/../../../../arm-none-eabi/lib/armv7-m\libc.a(lib_a-setbuf.o)
                0x00083aa4                setbuf
 .text.setvbuf  0x00083ab4      0x100 c:/program files (x86)/atmel/atmel toolchain/arm gcc/native/4.8.1437/arm-gnu-toolchain/bin/../lib/gcc/arm-none-eabi/4.8.4/../../../../arm-none-eabi/lib/armv7-m\libc.a(lib_a-setvbuf.o)
                0x00083ab4                setvbuf
 .text.strlen   0x00083bb4       0x60 c:/program files (x86)/atmel/atmel toolchain/arm gcc/native/4.8.1437/arm-gnu-toolchain/bin/../lib/gcc/arm-none-eabi/4.8.4/../../../../arm-none-eabi/lib/armv7-m\libc.a(lib_a-strlen.o)
                0x00083bb4                strlen
 .text.strncmp  0x00083c14       0xb4 c:/program files (x86)/atmel/atmel toolchain/arm gcc/native/4.8.1437/arm-gnu-toolchain/bin/../lib/gcc/arm-none-eabi/4.8.4/../../../../arm-none-eabi/lib/armv7-m\libc.a(lib_a-strncmp.o)
                0x00083c14                strncmp
 .text.strncpy  0x00083cc8       0x64 c:/program files (x86)/atmel/atmel toolchain/arm gcc/native/4.8.1437/arm-gnu-toolchain/bin/../lib/gcc/arm-none-eabi/4.8.4/../../../../arm-none-eabi/lib/armv7-m\libc.a(lib_a-strncpy.o)
                0x00083cc8                strncpy
 .text.sulp     0x00083d2c       0x40 c:/program files (x86)/atmel/atmel toolchain/arm gcc/native/4.8.1437/arm-gnu-toolchain/bin/../lib/gcc/arm-none-eabi/4.8.4/../../../../arm-none-eabi/lib/armv7-m\libc.a(lib_a-strtod.o)
 *fill*         0x00083d6c        0x4 
 .text._strtod_r
                0x00083d70      0xf40 c:/program files (x86)/atmel/atmel toolchain/arm gcc/native/4.8.1437/arm-gnu-toolchain/bin/../lib/gcc/arm-none-eabi/4.8.4/../../../../arm-none-eabi/lib/armv7-m\libc.a(lib_a-strtod.o)
                0x00083d70                _strtod_r
 .text.strtod   0x00084cb0       0x10 c:/program files (x86)/atmel/atmel toolchain/arm gcc/native/4.8.1437/arm-gnu-toolchain/bin/../lib/gcc/arm-none-eabi/4.8.4/../../../../arm-none-eabi/lib/armv7-m\libc.a(lib_a-strtod.o)
                0x00084cb0                strtod
 .text.__sprint_r.part.0
                0x00084cc0       0x78 c:/program files (x86)/atmel/atmel toolchain/arm gcc/native/4.8.1437/arm-gnu-toolchain/bin/../lib/gcc/arm-none-eabi/4.8.4/../../../../arm-none-eabi/lib/armv7-m\libc.a(lib_a-vfiprintf.o)
 .text._vfiprintf_r
                0x00084d38      0xc54 c:/program files (x86)/atmel/atmel toolchain/arm gcc/native/4.8.1437/arm-gnu-toolchain/bin/../lib/gcc/arm-none-eabi/4.8.4/../../../../arm-none-eabi/lib/armv7-m\libc.a(lib_a-vfiprintf.o)
                0x00084d38                _vfiprintf_r
 .text.__sbprintf
                0x0008598c       0x7c c:/program files (x86)/atmel/atmel toolchain/arm gcc/native/4.8.1437/arm-gnu-toolchain/bin/../lib/gcc/arm-none-eabi/4.8.4/../../../../arm-none-eabi/lib/armv7-m\libc.a(lib_a-vfiprintf.o)
 .text.__svfiscanf_r
                0x00085a08      0x998 c:/program files (x86)/atmel/atmel toolchain/arm gcc/native/4.8.1437/arm-gnu-toolchain/bin/../lib/gcc/arm-none-eabi/4.8.4/../../../../arm-none-eabi/lib/armv7-m\libc.a(lib_a-vfiscanf.o)
                0x00085a08                __svfiscanf_r
 .text.__swsetup_r
                0x000863a0       0xc4 c:/program files (x86)/atmel/atmel toolchain/arm gcc/native/4.8.1437/arm-gnu-toolchain/bin/../lib/gcc/arm-none-eabi/4.8.4/../../../../arm-none-eabi/lib/armv7-m\libc.a(lib_a-wsetup.o)
                0x000863a0                __swsetup_r
 .text.startup.register_fini
                0x00086464       0x14 c:/program files (x86)/atmel/atmel toolchain/arm gcc/native/4.8.1437/arm-gnu-toolchain/bin/../lib/gcc/arm-none-eabi/4.8.4/../../../../arm-none-eabi/lib/armv7-m\libc.a(lib_a-__call_atexit.o)
 .text.atexit   0x00086478        0xc c:/program files (x86)/atmel/atmel toolchain/arm gcc/native/4.8.1437/arm-gnu-toolchain/bin/../lib/gcc/arm-none-eabi/4.8.4/../../../../arm-none-eabi/lib/armv7-m\libc.a(lib_a-atexit.o)
                0x00086478                atexit
 .text.__sflush_r
                0x00086484      0x148 c:/program files (x86)/atmel/atmel toolchain/arm gcc/native/4.8.1437/arm-gnu-toolchain/bin/../lib/gcc/arm-none-eabi/4.8.4/../../../../arm-none-eabi/lib/armv7-m\libc.a(lib_a-fflush.o)
                0x00086484                __sflush_r
 .text._fflush_r
                0x000865cc       0x2c c:/program files (x86)/atmel/atmel toolchain/arm gcc/native/4.8.1437/arm-gnu-toolchain/bin/../lib/gcc/arm-none-eabi/4.8.4/../../../../arm-none-eabi/lib/armv7-m\libc.a(lib_a-fflush.o)
                0x000865cc                _fflush_r
 .text.fflush   0x000865f8       0x24 c:/program files (x86)/atmel/atmel toolchain/arm gcc/native/4.8.1437/arm-gnu-toolchain/bin/../lib/gcc/arm-none-eabi/4.8.4/../../../../arm-none-eabi/lib/armv7-m\libc.a(lib_a-fflush.o)
                0x000865f8                fflush
 .text._cleanup_r
                0x0008661c        0xc c:/program files (x86)/atmel/atmel toolchain/arm gcc/native/4.8.1437/arm-gnu-toolchain/bin/../lib/gcc/arm-none-eabi/4.8.4/../../../../arm-none-eabi/lib/armv7-m\libc.a(lib_a-findfp.o)
                0x0008661c                _cleanup_r
 .text.__sinit  0x00086628       0xf4 c:/program files (x86)/atmel/atmel toolchain/arm gcc/native/4.8.1437/arm-gnu-toolchain/bin/../lib/gcc/arm-none-eabi/4.8.4/../../../../arm-none-eabi/lib/armv7-m\libc.a(lib_a-findfp.o)
                0x00086628                __sinit
 .text.__sfp_lock_acquire
                0x0008671c        0x4 c:/program files (x86)/atmel/atmel toolchain/arm gcc/native/4.8.1437/arm-gnu-toolchain/bin/../lib/gcc/arm-none-eabi/4.8.4/../../../../arm-none-eabi/lib/armv7-m\libc.a(lib_a-findfp.o)
                0x0008671c                __sfp_lock_acquire
 .text.__sfp_lock_release
                0x00086720        0x4 c:/program files (x86)/atmel/atmel toolchain/arm gcc/native/4.8.1437/arm-gnu-toolchain/bin/../lib/gcc/arm-none-eabi/4.8.4/../../../../arm-none-eabi/lib/armv7-m\libc.a(lib_a-findfp.o)
                0x00086720                __sfp_lock_release
 .text.__libc_fini_array
                0x00086724       0x30 c:/program files (x86)/atmel/atmel toolchain/arm gcc/native/4.8.1437/arm-gnu-toolchain/bin/../lib/gcc/arm-none-eabi/4.8.4/../../../../arm-none-eabi/lib/armv7-m\libc.a(lib_a-fini.o)
                0x00086724                __libc_fini_array
 .text._fputwc_r
                0x00086754       0xc0 c:/program files (x86)/atmel/atmel toolchain/arm gcc/native/4.8.1437/arm-gnu-toolchain/bin/../lib/gcc/arm-none-eabi/4.8.4/../../../../arm-none-eabi/lib/armv7-m\libc.a(lib_a-fputwc.o)
                0x00086754                _fputwc_r
 .text._fread_r
                0x00086814      0x190 c:/program files (x86)/atmel/atmel toolchain/arm gcc/native/4.8.1437/arm-gnu-toolchain/bin/../lib/gcc/arm-none-eabi/4.8.4/../../../../arm-none-eabi/lib/armv7-m\libc.a(lib_a-fread.o)
                0x00086814                _fread_r
 .text._malloc_trim_r
                0x000869a4       0x9c c:/program files (x86)/atmel/atmel toolchain/arm gcc/native/4.8.1437/arm-gnu-toolchain/bin/../lib/gcc/arm-none-eabi/4.8.4/../../../../arm-none-eabi/lib/armv7-m\libc.a(lib_a-freer.o)
                0x000869a4                _malloc_trim_r
 .text._free_r  0x00086a40      0x198 c:/program files (x86)/atmel/atmel toolchain/arm gcc/native/4.8.1437/arm-gnu-toolchain/bin/../lib/gcc/arm-none-eabi/4.8.4/../../../../arm-none-eabi/lib/armv7-m\libc.a(lib_a-freer.o)
                0x00086a40                _free_r
 .text.__sfvwrite_r
                0x00086bd8      0x318 c:/program files (x86)/atmel/atmel toolchain/arm gcc/native/4.8.1437/arm-gnu-toolchain/bin/../lib/gcc/arm-none-eabi/4.8.4/../../../../arm-none-eabi/lib/armv7-m\libc.a(lib_a-fvwrite.o)
                0x00086bd8                __sfvwrite_r
 .text._fwalk   0x00086ef0       0x48 c:/program files (x86)/atmel/atmel toolchain/arm gcc/native/4.8.1437/arm-gnu-toolchain/bin/../lib/gcc/arm-none-eabi/4.8.4/../../../../arm-none-eabi/lib/armv7-m\libc.a(lib_a-fwalk.o)
                0x00086ef0                _fwalk
 .text._fwalk_reent
                0x00086f38       0x4c c:/program files (x86)/atmel/atmel toolchain/arm gcc/native/4.8.1437/arm-gnu-toolchain/bin/../lib/gcc/arm-none-eabi/4.8.4/../../../../arm-none-eabi/lib/armv7-m\libc.a(lib_a-fwalk.o)
                0x00086f38                _fwalk_reent
 .text.rshift   0x00086f84       0xa0 c:/program files (x86)/atmel/atmel toolchain/arm gcc/native/4.8.1437/arm-gnu-toolchain/bin/../lib/gcc/arm-none-eabi/4.8.4/../../../../arm-none-eabi/lib/armv7-m\libc.a(lib_a-gdtoa-gethex.o)
 .text.__gethex
                0x00087024      0x52c c:/program files (x86)/atmel/atmel toolchain/arm gcc/native/4.8.1437/arm-gnu-toolchain/bin/../lib/gcc/arm-none-eabi/4.8.4/../../../../arm-none-eabi/lib/armv7-m\libc.a(lib_a-gdtoa-gethex.o)
                0x00087024                __gethex
 .text.__hexnan
                0x00087550      0x194 c:/program files (x86)/atmel/atmel toolchain/arm gcc/native/4.8.1437/arm-gnu-toolchain/bin/../lib/gcc/arm-none-eabi/4.8.4/../../../../arm-none-eabi/lib/armv7-m\libc.a(lib_a-gdtoa-hexnan.o)
                0x00087550                __hexnan
 .text.iswspace
                0x000876e4       0x1c c:/program files (x86)/atmel/atmel toolchain/arm gcc/native/4.8.1437/arm-gnu-toolchain/bin/../lib/gcc/arm-none-eabi/4.8.4/../../../../arm-none-eabi/lib/armv7-m\libc.a(lib_a-iswspace.o)
                0x000876e4                iswspace
 .text.__locale_charset
                0x00087700        0x8 c:/program files (x86)/atmel/atmel toolchain/arm gcc/native/4.8.1437/arm-gnu-toolchain/bin/../lib/gcc/arm-none-eabi/4.8.4/../../../../arm-none-eabi/lib/armv7-m\libc.a(lib_a-locale.o)
                0x00087700                __locale_charset
 .text.__locale_mb_cur_max
                0x00087708        0xc c:/program files (x86)/atmel/atmel toolchain/arm gcc/native/4.8.1437/arm-gnu-toolchain/bin/../lib/gcc/arm-none-eabi/4.8.4/../../../../arm-none-eabi/lib/armv7-m\libc.a(lib_a-locale.o)
                0x00087708                __locale_mb_cur_max
 .text._localeconv_r
                0x00087714        0x8 c:/program files (x86)/atmel/atmel toolchain/arm gcc/native/4.8.1437/arm-gnu-toolchain/bin/../lib/gcc/arm-none-eabi/4.8.4/../../../../arm-none-eabi/lib/armv7-m\libc.a(lib_a-locale.o)
                0x00087714                _localeconv_r
 .text.__smakebuf_r
                0x0008771c       0xe0 c:/program files (x86)/atmel/atmel toolchain/arm gcc/native/4.8.1437/arm-gnu-toolchain/bin/../lib/gcc/arm-none-eabi/4.8.4/../../../../arm-none-eabi/lib/armv7-m\libc.a(lib_a-makebuf.o)
                0x0008771c                __smakebuf_r
 .text.malloc   0x000877fc       0x10 c:/program files (x86)/atmel/atmel toolchain/arm gcc/native/4.8.1437/arm-gnu-toolchain/bin/../lib/gcc/arm-none-eabi/4.8.4/../../../../arm-none-eabi/lib/armv7-m\libc.a(lib_a-malloc.o)
                0x000877fc                malloc
 .text._malloc_r
                0x0008780c      0x538 c:/program files (x86)/atmel/atmel toolchain/arm gcc/native/4.8.1437/arm-gnu-toolchain/bin/../lib/gcc/arm-none-eabi/4.8.4/../../../../arm-none-eabi/lib/armv7-m\libc.a(lib_a-mallocr.o)
                0x0008780c                _malloc_r
 .text._mbrtowc_r
                0x00087d44       0x5c c:/program files (x86)/atmel/atmel toolchain/arm gcc/native/4.8.1437/arm-gnu-toolchain/bin/../lib/gcc/arm-none-eabi/4.8.4/../../../../arm-none-eabi/lib/armv7-m\libc.a(lib_a-mbrtowc.o)
                0x00087d44                _mbrtowc_r
 .text.__ascii_mbtowc
                0x00087da0       0x2c c:/program files (x86)/atmel/atmel toolchain/arm gcc/native/4.8.1437/arm-gnu-toolchain/bin/../lib/gcc/arm-none-eabi/4.8.4/../../../../arm-none-eabi/lib/armv7-m\libc.a(lib_a-mbtowc_r.o)
                0x00087da0                __ascii_mbtowc
 .text.memchr   0x00087dcc       0x94 c:/program files (x86)/atmel/atmel toolchain/arm gcc/native/4.8.1437/arm-gnu-toolchain/bin/../lib/gcc/arm-none-eabi/4.8.4/../../../../arm-none-eabi/lib/armv7-m\libc.a(lib_a-memchr-stub.o)
                0x00087dcc                memchr
 .text.memmove  0x00087e60       0xcc c:/program files (x86)/atmel/atmel toolchain/arm gcc/native/4.8.1437/arm-gnu-toolchain/bin/../lib/gcc/arm-none-eabi/4.8.4/../../../../arm-none-eabi/lib/armv7-m\libc.a(lib_a-memmove.o)
                0x00087e60                memmove
 .text.__malloc_lock
                0x00087f2c        0x4 c:/program files (x86)/atmel/atmel toolchain/arm gcc/native/4.8.1437/arm-gnu-toolchain/bin/../lib/gcc/arm-none-eabi/4.8.4/../../../../arm-none-eabi/lib/armv7-m\libc.a(lib_a-mlock.o)
                0x00087f2c                __malloc_lock
 .text.__malloc_unlock
                0x00087f30        0x4 c:/program files (x86)/atmel/atmel toolchain/arm gcc/native/4.8.1437/arm-gnu-toolchain/bin/../lib/gcc/arm-none-eabi/4.8.4/../../../../arm-none-eabi/lib/armv7-m\libc.a(lib_a-mlock.o)
                0x00087f30                __malloc_unlock
 .text._Balloc  0x00087f34       0x4c c:/program files (x86)/atmel/atmel toolchain/arm gcc/native/4.8.1437/arm-gnu-toolchain/bin/../lib/gcc/arm-none-eabi/4.8.4/../../../../arm-none-eabi/lib/armv7-m\libc.a(lib_a-mprec.o)
                0x00087f34                _Balloc
 .text._Bfree   0x00087f80       0x14 c:/program files (x86)/atmel/atmel toolchain/arm gcc/native/4.8.1437/arm-gnu-toolchain/bin/../lib/gcc/arm-none-eabi/4.8.4/../../../../arm-none-eabi/lib/armv7-m\libc.a(lib_a-mprec.o)
                0x00087f80                _Bfree
 .text.__multadd
                0x00087f94       0x94 c:/program files (x86)/atmel/atmel toolchain/arm gcc/native/4.8.1437/arm-gnu-toolchain/bin/../lib/gcc/arm-none-eabi/4.8.4/../../../../arm-none-eabi/lib/armv7-m\libc.a(lib_a-mprec.o)
                0x00087f94                __multadd
 .text.__s2b    0x00088028       0x98 c:/program files (x86)/atmel/atmel toolchain/arm gcc/native/4.8.1437/arm-gnu-toolchain/bin/../lib/gcc/arm-none-eabi/4.8.4/../../../../arm-none-eabi/lib/armv7-m\libc.a(lib_a-mprec.o)
                0x00088028                __s2b
 .text.__hi0bits
                0x000880c0       0x40 c:/program files (x86)/atmel/atmel toolchain/arm gcc/native/4.8.1437/arm-gnu-toolchain/bin/../lib/gcc/arm-none-eabi/4.8.4/../../../../arm-none-eabi/lib/armv7-m\libc.a(lib_a-mprec.o)
                0x000880c0                __hi0bits
 .text.__lo0bits
                0x00088100       0x5c c:/program files (x86)/atmel/atmel toolchain/arm gcc/native/4.8.1437/arm-gnu-toolchain/bin/../lib/gcc/arm-none-eabi/4.8.4/../../../../arm-none-eabi/lib/armv7-m\libc.a(lib_a-mprec.o)
                0x00088100                __lo0bits
 .text.__i2b    0x0008815c       0x14 c:/program files (x86)/atmel/atmel toolchain/arm gcc/native/4.8.1437/arm-gnu-toolchain/bin/../lib/gcc/arm-none-eabi/4.8.4/../../../../arm-none-eabi/lib/armv7-m\libc.a(lib_a-mprec.o)
                0x0008815c                __i2b
 .text.__multiply
                0x00088170      0x13c c:/program files (x86)/atmel/atmel toolchain/arm gcc/native/4.8.1437/arm-gnu-toolchain/bin/../lib/gcc/arm-none-eabi/4.8.4/../../../../arm-none-eabi/lib/armv7-m\libc.a(lib_a-mprec.o)
                0x00088170                __multiply
 .text.__pow5mult
                0x000882ac       0x9c c:/program files (x86)/atmel/atmel toolchain/arm gcc/native/4.8.1437/arm-gnu-toolchain/bin/../lib/gcc/arm-none-eabi/4.8.4/../../../../arm-none-eabi/lib/armv7-m\libc.a(lib_a-mprec.o)
                0x000882ac                __pow5mult
 .text.__lshift
                0x00088348       0xbc c:/program files (x86)/atmel/atmel toolchain/arm gcc/native/4.8.1437/arm-gnu-toolchain/bin/../lib/gcc/arm-none-eabi/4.8.4/../../../../arm-none-eabi/lib/armv7-m\libc.a(lib_a-mprec.o)
                0x00088348                __lshift
 .text.__mcmp   0x00088404       0x48 c:/program files (x86)/atmel/atmel toolchain/arm gcc/native/4.8.1437/arm-gnu-toolchain/bin/../lib/gcc/arm-none-eabi/4.8.4/../../../../arm-none-eabi/lib/armv7-m\libc.a(lib_a-mprec.o)
                0x00088404                __mcmp
 .text.__mdiff  0x0008844c       0xd8 c:/program files (x86)/atmel/atmel toolchain/arm gcc/native/4.8.1437/arm-gnu-toolchain/bin/../lib/gcc/arm-none-eabi/4.8.4/../../../../arm-none-eabi/lib/armv7-m\libc.a(lib_a-mprec.o)
                0x0008844c                __mdiff
 .text.__ulp    0x00088524       0x40 c:/program files (x86)/atmel/atmel toolchain/arm gcc/native/4.8.1437/arm-gnu-toolchain/bin/../lib/gcc/arm-none-eabi/4.8.4/../../../../arm-none-eabi/lib/armv7-m\libc.a(lib_a-mprec.o)
                0x00088524                __ulp
 .text.__b2d    0x00088564       0xb8 c:/program files (x86)/atmel/atmel toolchain/arm gcc/native/4.8.1437/arm-gnu-toolchain/bin/../lib/gcc/arm-none-eabi/4.8.4/../../../../arm-none-eabi/lib/armv7-m\libc.a(lib_a-mprec.o)
                0x00088564                __b2d
 .text.__d2b    0x0008861c       0xbc c:/program files (x86)/atmel/atmel toolchain/arm gcc/native/4.8.1437/arm-gnu-toolchain/bin/../lib/gcc/arm-none-eabi/4.8.4/../../../../arm-none-eabi/lib/armv7-m\libc.a(lib_a-mprec.o)
                0x0008861c                __d2b
 .text.__ratio  0x000886d8       0x50 c:/program files (x86)/atmel/atmel toolchain/arm gcc/native/4.8.1437/arm-gnu-toolchain/bin/../lib/gcc/arm-none-eabi/4.8.4/../../../../arm-none-eabi/lib/armv7-m\libc.a(lib_a-mprec.o)
                0x000886d8                __ratio
 .text.__copybits
                0x00088728       0x48 c:/program files (x86)/atmel/atmel toolchain/arm gcc/native/4.8.1437/arm-gnu-toolchain/bin/../lib/gcc/arm-none-eabi/4.8.4/../../../../arm-none-eabi/lib/armv7-m\libc.a(lib_a-mprec.o)
                0x00088728                __copybits
 .text.__any_on
                0x00088770       0x60 c:/program files (x86)/atmel/atmel toolchain/arm gcc/native/4.8.1437/arm-gnu-toolchain/bin/../lib/gcc/arm-none-eabi/4.8.4/../../../../arm-none-eabi/lib/armv7-m\libc.a(lib_a-mprec.o)
                0x00088770                __any_on
 .text._realloc_r
                0x000887d0      0x3c0 c:/program files (x86)/atmel/atmel toolchain/arm gcc/native/4.8.1437/arm-gnu-toolchain/bin/../lib/gcc/arm-none-eabi/4.8.4/../../../../arm-none-eabi/lib/armv7-m\libc.a(lib_a-reallocr.o)
                0x000887d0                _realloc_r
 .text.lflush   0x00088b90       0x14 c:/program files (x86)/atmel/atmel toolchain/arm gcc/native/4.8.1437/arm-gnu-toolchain/bin/../lib/gcc/arm-none-eabi/4.8.4/../../../../arm-none-eabi/lib/armv7-m\libc.a(lib_a-refill.o)
 .text.__srefill_r
                0x00088ba4      0x114 c:/program files (x86)/atmel/atmel toolchain/arm gcc/native/4.8.1437/arm-gnu-toolchain/bin/../lib/gcc/arm-none-eabi/4.8.4/../../../../arm-none-eabi/lib/armv7-m\libc.a(lib_a-refill.o)
                0x00088ba4                __srefill_r
 .text._sbrk_r  0x00088cb8       0x24 c:/program files (x86)/atmel/atmel toolchain/arm gcc/native/4.8.1437/arm-gnu-toolchain/bin/../lib/gcc/arm-none-eabi/4.8.4/../../../../arm-none-eabi/lib/armv7-m\libc.a(lib_a-sbrkr.o)
                0x00088cb8                _sbrk_r
 .text.__sccl   0x00088cdc       0x70 c:/program files (x86)/atmel/atmel toolchain/arm gcc/native/4.8.1437/arm-gnu-toolchain/bin/../lib/gcc/arm-none-eabi/4.8.4/../../../../arm-none-eabi/lib/armv7-m\libc.a(lib_a-sccl.o)
                0x00088cdc                __sccl
 .text.__sread  0x00088d4c       0x24 c:/program files (x86)/atmel/atmel toolchain/arm gcc/native/4.8.1437/arm-gnu-toolchain/bin/../lib/gcc/arm-none-eabi/4.8.4/../../../../arm-none-eabi/lib/armv7-m\libc.a(lib_a-stdio.o)
                0x00088d4c                __sread
 .text.__swrite
                0x00088d70       0x38 c:/program files (x86)/atmel/atmel toolchain/arm gcc/native/4.8.1437/arm-gnu-toolchain/bin/../lib/gcc/arm-none-eabi/4.8.4/../../../../arm-none-eabi/lib/armv7-m\libc.a(lib_a-stdio.o)
                0x00088d70                __swrite
 .text.__sseek  0x00088da8       0x20 c:/program files (x86)/atmel/atmel toolchain/arm gcc/native/4.8.1437/arm-gnu-toolchain/bin/../lib/gcc/arm-none-eabi/4.8.4/../../../../arm-none-eabi/lib/armv7-m\libc.a(lib_a-stdio.o)
                0x00088da8                __sseek
 .text.__sclose
                0x00088dc8        0x8 c:/program files (x86)/atmel/atmel toolchain/arm gcc/native/4.8.1437/arm-gnu-toolchain/bin/../lib/gcc/arm-none-eabi/4.8.4/../../../../arm-none-eabi/lib/armv7-m\libc.a(lib_a-stdio.o)
                0x00088dc8                __sclose
 .text._strtol_r
                0x00088dd0      0x114 c:/program files (x86)/atmel/atmel toolchain/arm gcc/native/4.8.1437/arm-gnu-toolchain/bin/../lib/gcc/arm-none-eabi/4.8.4/../../../../arm-none-eabi/lib/armv7-m\libc.a(lib_a-strtol.o)
                0x00088dd0                _strtol_r
 .text._strtoll_r
                0x00088ee4      0x19c c:/program files (x86)/atmel/atmel toolchain/arm gcc/native/4.8.1437/arm-gnu-toolchain/bin/../lib/gcc/arm-none-eabi/4.8.4/../../../../arm-none-eabi/lib/armv7-m\libc.a(lib_a-strtoll_r.o)
                0x00088ee4                _strtoll_r
 .text._strtoul_r
                0x00089080      0x130 c:/program files (x86)/atmel/atmel toolchain/arm gcc/native/4.8.1437/arm-gnu-toolchain/bin/../lib/gcc/arm-none-eabi/4.8.4/../../../../arm-none-eabi/lib/armv7-m\libc.a(lib_a-strtoul.o)
                0x00089080                _strtoul_r
 .text._strtoull_r
                0x000891b0      0x190 c:/program files (x86)/atmel/atmel toolchain/arm gcc/native/4.8.1437/arm-gnu-toolchain/bin/../lib/gcc/arm-none-eabi/4.8.4/../../../../arm-none-eabi/lib/armv7-m\libc.a(lib_a-strtoull_r.o)
                0x000891b0                _strtoull_r
 .text.__submore
                0x00089340       0x7c c:/program files (x86)/atmel/atmel toolchain/arm gcc/native/4.8.1437/arm-gnu-toolchain/bin/../lib/gcc/arm-none-eabi/4.8.4/../../../../arm-none-eabi/lib/armv7-m\libc.a(lib_a-ungetc.o)
                0x00089340                __submore
 .text._ungetc_r
                0x000893bc       0xd4 c:/program files (x86)/atmel/atmel toolchain/arm gcc/native/4.8.1437/arm-gnu-toolchain/bin/../lib/gcc/arm-none-eabi/4.8.4/../../../../arm-none-eabi/lib/armv7-m\libc.a(lib_a-ungetc.o)
                0x000893bc                _ungetc_r
 .text.__swbuf_r
                0x00089490       0xa8 c:/program files (x86)/atmel/atmel toolchain/arm gcc/native/4.8.1437/arm-gnu-toolchain/bin/../lib/gcc/arm-none-eabi/4.8.4/../../../../arm-none-eabi/lib/armv7-m\libc.a(lib_a-wbuf.o)
                0x00089490                __swbuf_r
 .text._wcrtomb_r
                0x00089538       0x50 c:/program files (x86)/atmel/atmel toolchain/arm gcc/native/4.8.1437/arm-gnu-toolchain/bin/../lib/gcc/arm-none-eabi/4.8.4/../../../../arm-none-eabi/lib/armv7-m\libc.a(lib_a-wcrtomb.o)
                0x00089538                _wcrtomb_r
 .text.__ascii_wctomb
                0x00089588       0x1c c:/program files (x86)/atmel/atmel toolchain/arm gcc/native/4.8.1437/arm-gnu-toolchain/bin/../lib/gcc/arm-none-eabi/4.8.4/../../../../arm-none-eabi/lib/armv7-m\libc.a(lib_a-wctomb_r.o)
                0x00089588                __ascii_wctomb
 .text._write_r
                0x000895a4       0x28 c:/program files (x86)/atmel/atmel toolchain/arm gcc/native/4.8.1437/arm-gnu-toolchain/bin/../lib/gcc/arm-none-eabi/4.8.4/../../../../arm-none-eabi/lib/armv7-m\libc.a(lib_a-writer.o)
                0x000895a4                _write_r
 .text.__register_exitproc
                0x000895cc       0xa8 c:/program files (x86)/atmel/atmel toolchain/arm gcc/native/4.8.1437/arm-gnu-toolchain/bin/../lib/gcc/arm-none-eabi/4.8.4/../../../../arm-none-eabi/lib/armv7-m\libc.a(lib_a-__atexit.o)
                0x000895cc                __register_exitproc
 .text._calloc_r
                0x00089674       0x60 c:/program files (x86)/atmel/atmel toolchain/arm gcc/native/4.8.1437/arm-gnu-toolchain/bin/../lib/gcc/arm-none-eabi/4.8.4/../../../../arm-none-eabi/lib/armv7-m\libc.a(lib_a-callocr.o)
                0x00089674                _calloc_r
 .text._close_r
                0x000896d4       0x24 c:/program files (x86)/atmel/atmel toolchain/arm gcc/native/4.8.1437/arm-gnu-toolchain/bin/../lib/gcc/arm-none-eabi/4.8.4/../../../../arm-none-eabi/lib/armv7-m\libc.a(lib_a-closer.o)
                0x000896d4                _close_r
 .text._fclose_r
                0x000896f8       0x80 c:/program files (x86)/atmel/atmel toolchain/arm gcc/native/4.8.1437/arm-gnu-toolchain/bin/../lib/gcc/arm-none-eabi/4.8.4/../../../../arm-none-eabi/lib/armv7-m\libc.a(lib_a-fclose.o)
                0x000896f8                _fclose_r
 .text.fclose   0x00089778       0x10 c:/program files (x86)/atmel/atmel toolchain/arm gcc/native/4.8.1437/arm-gnu-toolchain/bin/../lib/gcc/arm-none-eabi/4.8.4/../../../../arm-none-eabi/lib/armv7-m\libc.a(lib_a-fclose.o)
                0x00089778                fclose
 .text._fstat_r
                0x00089788       0x28 c:/program files (x86)/atmel/atmel toolchain/arm gcc/native/4.8.1437/arm-gnu-toolchain/bin/../lib/gcc/arm-none-eabi/4.8.4/../../../../arm-none-eabi/lib/armv7-m\libc.a(lib_a-fstatr.o)
                0x00089788                _fstat_r
 .text._isatty_r
                0x000897b0       0x24 c:/program files (x86)/atmel/atmel toolchain/arm gcc/native/4.8.1437/arm-gnu-toolchain/bin/../lib/gcc/arm-none-eabi/4.8.4/../../../../arm-none-eabi/lib/armv7-m\libc.a(lib_a-isattyr.o)
                0x000897b0                _isatty_r
 .text._lseek_r
                0x000897d4       0x28 c:/program files (x86)/atmel/atmel toolchain/arm gcc/native/4.8.1437/arm-gnu-toolchain/bin/../lib/gcc/arm-none-eabi/4.8.4/../../../../arm-none-eabi/lib/armv7-m\libc.a(lib_a-lseekr.o)
                0x000897d4                _lseek_r
 .text._read_r  0x000897fc       0x28 c:/program files (x86)/atmel/atmel toolchain/arm gcc/native/4.8.1437/arm-gnu-toolchain/bin/../lib/gcc/arm-none-eabi/4.8.4/../../../../arm-none-eabi/lib/armv7-m\libc.a(lib_a-readr.o)
                0x000897fc                _read_r
 .text          0x00089824      0x110 c:/program files (x86)/atmel/atmel toolchain/arm gcc/native/4.8.1437/arm-gnu-toolchain/bin/../lib/gcc/arm-none-eabi/4.8.4/armv7-m\libgcc.a(_arm_cmpdf2.o)
                0x00089824                __gtdf2
                0x00089824                __gedf2
                0x0008982c                __ltdf2
                0x0008982c                __ledf2
                0x00089834                __nedf2
                0x00089834                __eqdf2
                0x00089834                __cmpdf2
                0x000898b0                __aeabi_cdrcmple
                0x000898c0                __aeabi_cdcmpeq
                0x000898c0                __aeabi_cdcmple
                0x000898d0                __aeabi_dcmpeq
                0x000898e4                __aeabi_dcmplt
                0x000898f8                __aeabi_dcmple
                0x0008990c                __aeabi_dcmpge
                0x00089920                __aeabi_dcmpgt
 .text          0x00089934       0x50 c:/program files (x86)/atmel/atmel toolchain/arm gcc/native/4.8.1437/arm-gnu-toolchain/bin/../lib/gcc/arm-none-eabi/4.8.4/armv7-m\libgcc.a(_arm_fixdfsi.o)
                0x00089934                __aeabi_d2iz
                0x00089934                __fixdfsi
 .text          0x00089984       0x40 c:/program files (x86)/atmel/atmel toolchain/arm gcc/native/4.8.1437/arm-gnu-toolchain/bin/../lib/gcc/arm-none-eabi/4.8.4/armv7-m\libgcc.a(_arm_fixunsdfsi.o)
                0x00089984                __aeabi_d2uiz
                0x00089984                __fixunsdfsi
 .text          0x000899c4       0x2c c:/program files (x86)/atmel/atmel toolchain/arm gcc/native/4.8.1437/arm-gnu-toolchain/bin/../lib/gcc/arm-none-eabi/4.8.4/armv7-m\libgcc.a(_aeabi_uldivmod.o)
                0x000899c4                __aeabi_uldivmod
 .text          0x000899f0       0x60 c:/program files (x86)/atmel/atmel toolchain/arm gcc/native/4.8.1437/arm-gnu-toolchain/bin/../lib/gcc/arm-none-eabi/4.8.4/armv7-m\libgcc.a(bpabi.o)
                0x000899f0                __gnu_ldivmod_helper
                0x00089a20                __gnu_uldivmod_helper
 .text          0x00089a50        0x4 c:/program files (x86)/atmel/atmel toolchain/arm gcc/native/4.8.1437/arm-gnu-toolchain/bin/../lib/gcc/arm-none-eabi/4.8.4/armv7-m\libgcc.a(_dvmd_tls.o)
                0x00089a50                __aeabi_idiv0
                0x00089a50                __aeabi_ldiv0
 .text          0x00089a54      0x2a0 c:/program files (x86)/atmel/atmel toolchain/arm gcc/native/4.8.1437/arm-gnu-toolchain/bin/../lib/gcc/arm-none-eabi/4.8.4/armv7-m\libgcc.a(_divdi3.o)
                0x00089a54                __divdi3
 .text          0x00089cf4      0x290 c:/program files (x86)/atmel/atmel toolchain/arm gcc/native/4.8.1437/arm-gnu-toolchain/bin/../lib/gcc/arm-none-eabi/4.8.4/armv7-m\libgcc.a(_udivdi3.o)
                0x00089cf4                __udivdi3
 *(.glue_7t)
 .glue_7t       0x00000000        0x0 linker stubs
 *(.glue_7)
 .glue_7        0x00000000        0x0 linker stubs
 *(.rodata .rodata* .gnu.linkonce.r.*)
 .rodata        0x00089f84       0x2c src/ASF/sam/drivers/pwm/pwm.o
 .rodata.str1.4
                0x00089fb0       0x17 src/Communication.o
                                 0x18 (size before relaxing)
 *fill*         0x00089fc7        0x1 
 .rodata.str1.4
                0x00089fc8       0x19 src/ASF/thirdparty/freertos/freertos-7.3.0/source/tasks.o
                                 0x20 (size before relaxing)
 *fill*         0x00089fe1        0x3 
 .rodata.str1.4
                0x00089fe4        0x8 src/ASF/thirdparty/freertos/freertos-7.3.0/source/timers.o
 .rodata.str1.4
                0x00089fec       0xa3 src/main.o
                                 0xa4 (size before relaxing)
 *fill*         0x0008a08f        0x1 
 .rodata.str1.4
                0x0008a090        0x2 c:/program files (x86)/atmel/atmel toolchain/arm gcc/native/4.8.1437/arm-gnu-toolchain/bin/../lib/gcc/arm-none-eabi/4.8.4/../../../../arm-none-eabi/lib/armv7-m\libc.a(lib_a-impure.o)
                                  0x4 (size before relaxing)
 *fill*         0x0008a092        0x2 
 .rodata._global_impure_ptr
                0x0008a094        0x4 c:/program files (x86)/atmel/atmel toolchain/arm gcc/native/4.8.1437/arm-gnu-toolchain/bin/../lib/gcc/arm-none-eabi/4.8.4/../../../../arm-none-eabi/lib/armv7-m\libc.a(lib_a-impure.o)
                0x0008a094                _global_impure_ptr
 .rodata.fpi.5238
                0x0008a098       0x14 c:/program files (x86)/atmel/atmel toolchain/arm gcc/native/4.8.1437/arm-gnu-toolchain/bin/../lib/gcc/arm-none-eabi/4.8.4/../../../../arm-none-eabi/lib/armv7-m\libc.a(lib_a-strtod.o)
 .rodata.str1.4
                0x0008a0ac        0xf c:/program files (x86)/atmel/atmel toolchain/arm gcc/native/4.8.1437/arm-gnu-toolchain/bin/../lib/gcc/arm-none-eabi/4.8.4/../../../../arm-none-eabi/lib/armv7-m\libc.a(lib_a-strtod.o)
                                 0x10 (size before relaxing)
 *fill*         0x0008a0bb        0x1 
 .rodata.fpinan.5274
                0x0008a0bc       0x14 c:/program files (x86)/atmel/atmel toolchain/arm gcc/native/4.8.1437/arm-gnu-toolchain/bin/../lib/gcc/arm-none-eabi/4.8.4/../../../../arm-none-eabi/lib/armv7-m\libc.a(lib_a-strtod.o)
 .rodata.tinytens
                0x0008a0d0       0x28 c:/program files (x86)/atmel/atmel toolchain/arm gcc/native/4.8.1437/arm-gnu-toolchain/bin/../lib/gcc/arm-none-eabi/4.8.4/../../../../arm-none-eabi/lib/armv7-m\libc.a(lib_a-strtod.o)
 .rodata.str1.4
                0x0008a0f8       0x2f c:/program files (x86)/atmel/atmel toolchain/arm gcc/native/4.8.1437/arm-gnu-toolchain/bin/../lib/gcc/arm-none-eabi/4.8.4/../../../../arm-none-eabi/lib/armv7-m\libc.a(lib_a-vfiprintf.o)
                                 0x30 (size before relaxing)
 *fill*         0x0008a127        0x1 
 .rodata.zeroes.6721
                0x0008a128       0x10 c:/program files (x86)/atmel/atmel toolchain/arm gcc/native/4.8.1437/arm-gnu-toolchain/bin/../lib/gcc/arm-none-eabi/4.8.4/../../../../arm-none-eabi/lib/armv7-m\libc.a(lib_a-vfiprintf.o)
 .rodata.blanks.6720
                0x0008a138       0x10 c:/program files (x86)/atmel/atmel toolchain/arm gcc/native/4.8.1437/arm-gnu-toolchain/bin/../lib/gcc/arm-none-eabi/4.8.4/../../../../arm-none-eabi/lib/armv7-m\libc.a(lib_a-vfiprintf.o)
 .rodata.basefix.6187
                0x0008a148       0x24 c:/program files (x86)/atmel/atmel toolchain/arm gcc/native/4.8.1437/arm-gnu-toolchain/bin/../lib/gcc/arm-none-eabi/4.8.4/../../../../arm-none-eabi/lib/armv7-m\libc.a(lib_a-vfiscanf.o)
 .rodata._ctype_
                0x0008a16c      0x104 c:/program files (x86)/atmel/atmel toolchain/arm gcc/native/4.8.1437/arm-gnu-toolchain/bin/../lib/gcc/arm-none-eabi/4.8.4/../../../../arm-none-eabi/lib/armv7-m\libc.a(lib_a-ctype_.o)
                0x0008a16c                _ctype_
 .rodata.__hexdig
                0x0008a270      0x100 c:/program files (x86)/atmel/atmel toolchain/arm gcc/native/4.8.1437/arm-gnu-toolchain/bin/../lib/gcc/arm-none-eabi/4.8.4/../../../../arm-none-eabi/lib/armv7-m\libc.a(lib_a-gdtoa-gethex.o)
                0x0008a270                __hexdig
 .rodata.str1.4
                0x0008a370        0xc c:/program files (x86)/atmel/atmel toolchain/arm gcc/native/4.8.1437/arm-gnu-toolchain/bin/../lib/gcc/arm-none-eabi/4.8.4/../../../../arm-none-eabi/lib/armv7-m\libc.a(lib_a-locale.o)
                                 0x14 (size before relaxing)
 .rodata.str1.4
                0x00000000        0x4 c:/program files (x86)/atmel/atmel toolchain/arm gcc/native/4.8.1437/arm-gnu-toolchain/bin/../lib/gcc/arm-none-eabi/4.8.4/../../../../arm-none-eabi/lib/armv7-m\libc.a(lib_a-mbrtowc.o)
 *fill*         0x0008a37c        0x4 
 .rodata.__mprec_tens
                0x0008a380       0xc8 c:/program files (x86)/atmel/atmel toolchain/arm gcc/native/4.8.1437/arm-gnu-toolchain/bin/../lib/gcc/arm-none-eabi/4.8.4/../../../../arm-none-eabi/lib/armv7-m\libc.a(lib_a-mprec.o)
                0x0008a380                __mprec_tens
 .rodata.__mprec_bigtens
                0x0008a448       0x28 c:/program files (x86)/atmel/atmel toolchain/arm gcc/native/4.8.1437/arm-gnu-toolchain/bin/../lib/gcc/arm-none-eabi/4.8.4/../../../../arm-none-eabi/lib/armv7-m\libc.a(lib_a-mprec.o)
                0x0008a448                __mprec_bigtens
 .rodata.p05.5269
                0x0008a470        0xc c:/program files (x86)/atmel/atmel toolchain/arm gcc/native/4.8.1437/arm-gnu-toolchain/bin/../lib/gcc/arm-none-eabi/4.8.4/../../../../arm-none-eabi/lib/armv7-m\libc.a(lib_a-mprec.o)
 *(.ARM.extab* .gnu.linkonce.armextab.*)
                0x0008a47c                . = ALIGN (0x4)
 *(.init)
 .init          0x0008a47c        0x4 c:/program files (x86)/atmel/atmel toolchain/arm gcc/native/4.8.1437/arm-gnu-toolchain/bin/../lib/gcc/arm-none-eabi/4.8.4/armv7-m/crti.o
                0x0008a47c                _init
 .init          0x0008a480        0x8 c:/program files (x86)/atmel/atmel toolchain/arm gcc/native/4.8.1437/arm-gnu-toolchain/bin/../lib/gcc/arm-none-eabi/4.8.4/armv7-m/crtn.o
                0x0008a488                . = ALIGN (0x4)
                0x0008a488                __preinit_array_start = .
 *(.preinit_array)
                0x0008a488                __preinit_array_end = .
                0x0008a488                . = ALIGN (0x4)
                0x0008a488                __init_array_start = .
 *(SORT(.init_array.*))
 .init_array.00000
                0x0008a488        0x4 c:/program files (x86)/atmel/atmel toolchain/arm gcc/native/4.8.1437/arm-gnu-toolchain/bin/../lib/gcc/arm-none-eabi/4.8.4/../../../../arm-none-eabi/lib/armv7-m\libc.a(lib_a-__call_atexit.o)
 *(.init_array)
 .init_array    0x0008a48c        0x4 c:/program files (x86)/atmel/atmel toolchain/arm gcc/native/4.8.1437/arm-gnu-toolchain/bin/../lib/gcc/arm-none-eabi/4.8.4/armv7-m/crtbegin.o
                0x0008a490                __init_array_end = .
                0x0008a490                . = ALIGN (0x4)
 *crtbegin.o(.ctors)
 *(EXCLUDE_FILE(*crtend.o) .ctors)
 *(SORT(.ctors.*))
 *crtend.o(.ctors)
                0x0008a490                . = ALIGN (0x4)
 *(.fini)
 .fini          0x0008a490        0x4 c:/program files (x86)/atmel/atmel toolchain/arm gcc/native/4.8.1437/arm-gnu-toolchain/bin/../lib/gcc/arm-none-eabi/4.8.4/armv7-m/crti.o
                0x0008a490                _fini
 .fini          0x0008a494        0x8 c:/program files (x86)/atmel/atmel toolchain/arm gcc/native/4.8.1437/arm-gnu-toolchain/bin/../lib/gcc/arm-none-eabi/4.8.4/armv7-m/crtn.o
                0x0008a49c                . = ALIGN (0x4)
                0x0008a49c                __fini_array_start = .
 *(.fini_array)
 .fini_array    0x0008a49c        0x4 c:/program files (x86)/atmel/atmel toolchain/arm gcc/native/4.8.1437/arm-gnu-toolchain/bin/../lib/gcc/arm-none-eabi/4.8.4/armv7-m/crtbegin.o
 *(SORT(.fini_array.*))
                0x0008a4a0                __fini_array_end = .
 *crtbegin.o(.dtors)
 *(EXCLUDE_FILE(*crtend.o) .dtors)
 *(SORT(.dtors.*))
 *crtend.o(.dtors)
                0x0008a4a0                . = ALIGN (0x4)
                0x0008a4a0                _efixed = .
                0x0008a4a0                PROVIDE (__exidx_start, .)

.vfp11_veneer   0x0008a4a0        0x0
 .vfp11_veneer  0x00000000        0x0 linker stubs

.v4_bx          0x0008a4a0        0x0
 .v4_bx         0x00000000        0x0 linker stubs

.iplt           0x0008a4a0        0x0
 .iplt          0x00000000        0x0 c:/program files (x86)/atmel/atmel toolchain/arm gcc/native/4.8.1437/arm-gnu-toolchain/bin/../lib/gcc/arm-none-eabi/4.8.4/armv7-m/crtbegin.o

.ARM.exidx      0x0008a4a0        0x8
 *(.ARM.exidx* .gnu.linkonce.armexidx.*)
 .ARM.exidx     0x0008a4a0        0x8 c:/program files (x86)/atmel/atmel toolchain/arm gcc/native/4.8.1437/arm-gnu-toolchain/bin/../lib/gcc/arm-none-eabi/4.8.4/armv7-m\libgcc.a(_divdi3.o)
 .ARM.exidx     0x0008a4a8        0x0 c:/program files (x86)/atmel/atmel toolchain/arm gcc/native/4.8.1437/arm-gnu-toolchain/bin/../lib/gcc/arm-none-eabi/4.8.4/armv7-m\libgcc.a(_udivdi3.o)
                                  0x8 (size before relaxing)
                0x0008a4a8                PROVIDE (__exidx_end, .)

.eh_frame       0x0008a4a8        0x0
 .eh_frame      0x0008a4a8        0x0 c:/program files (x86)/atmel/atmel toolchain/arm gcc/native/4.8.1437/arm-gnu-toolchain/bin/../lib/gcc/arm-none-eabi/4.8.4/armv7-m/crtbegin.o

.rel.dyn        0x0008a4a8        0x0
 .rel.iplt      0x00000000        0x0 c:/program files (x86)/atmel/atmel toolchain/arm gcc/native/4.8.1437/arm-gnu-toolchain/bin/../lib/gcc/arm-none-eabi/4.8.4/armv7-m/crtbegin.o

.jcr            0x0008a4a8        0x0
 .jcr           0x0008a4a8        0x0 c:/program files (x86)/atmel/atmel toolchain/arm gcc/native/4.8.1437/arm-gnu-toolchain/bin/../lib/gcc/arm-none-eabi/4.8.4/armv7-m/crtbegin.o

.igot.plt       0x0008a4a8        0x0
 .igot.plt      0x00000000        0x0 c:/program files (x86)/atmel/atmel toolchain/arm gcc/native/4.8.1437/arm-gnu-toolchain/bin/../lib/gcc/arm-none-eabi/4.8.4/armv7-m/crtbegin.o
                0x0008a4a8                . = ALIGN (0x4)
                0x0008a4a8                _etext = .

.relocate       0x20070000      0x8d4 load address 0x0008a4a8
                0x20070000                . = ALIGN (0x4)
                0x20070000                _srelocate = .
 *(.ramfunc .ramfunc.*)
 *(.data .data.*)
 .data.uxCriticalNesting
                0x20070000        0x4 src/ASF/thirdparty/freertos/freertos-7.3.0/source/portable/gcc/sam/port.o
 .data.xFreeBytesRemaining
                0x20070004        0x4 src/ASF/thirdparty/freertos/freertos-7.3.0/source/portable/memmang/heap_4.o
 .data.xNextTaskUnblockTime
                0x20070008        0x2 src/ASF/thirdparty/freertos/freertos-7.3.0/source/tasks.o
 *fill*         0x2007000a        0x2 
 .data.SystemCoreClock
                0x2007000c        0x4 src/ASF/sam/utils/cmsis/sam3x/source/templates/system_sam3x.o
                0x2007000c                SystemCoreClock
 .data.global_d
                0x20070010        0x4 src/main.o
                0x20070010                global_d
 .data.global_Kp
                0x20070014        0x4 src/main.o
                0x20070014                global_Kp
 .data.global_Td
                0x20070018        0x4 src/main.o
                0x20070018                global_Td
 .data.global_dT
                0x2007001c        0x4 src/main.o
                0x2007001c                global_dT
 .data.global_e
                0x20070020        0x4 src/main.o
                0x20070020                global_e
 .data.global_Ti
                0x20070024        0x4 src/main.o
                0x20070024                global_Ti
 .data.global_u
                0x20070028        0x4 src/main.o
                0x20070028                global_u
 .data.global_Bv
                0x2007002c        0x4 src/main.o
                0x2007002c                global_Bv
 .data.impure_data
                0x20070030      0x428 c:/program files (x86)/atmel/atmel toolchain/arm gcc/native/4.8.1437/arm-gnu-toolchain/bin/../lib/gcc/arm-none-eabi/4.8.4/../../../../arm-none-eabi/lib/armv7-m\libc.a(lib_a-impure.o)
 .data._impure_ptr
                0x20070458        0x4 c:/program files (x86)/atmel/atmel toolchain/arm gcc/native/4.8.1437/arm-gnu-toolchain/bin/../lib/gcc/arm-none-eabi/4.8.4/../../../../arm-none-eabi/lib/armv7-m\libc.a(lib_a-impure.o)
                0x20070458                _impure_ptr
 .data.__ctype_ptr__
                0x2007045c        0x4 c:/program files (x86)/atmel/atmel toolchain/arm gcc/native/4.8.1437/arm-gnu-toolchain/bin/../lib/gcc/arm-none-eabi/4.8.4/../../../../arm-none-eabi/lib/armv7-m\libc.a(lib_a-ctype_.o)
                0x2007045c                __ctype_ptr__
 .data.lconv    0x20070460       0x38 c:/program files (x86)/atmel/atmel toolchain/arm gcc/native/4.8.1437/arm-gnu-toolchain/bin/../lib/gcc/arm-none-eabi/4.8.4/../../../../arm-none-eabi/lib/armv7-m\libc.a(lib_a-locale.o)
 .data.lc_ctype_charset
                0x20070498       0x20 c:/program files (x86)/atmel/atmel toolchain/arm gcc/native/4.8.1437/arm-gnu-toolchain/bin/../lib/gcc/arm-none-eabi/4.8.4/../../../../arm-none-eabi/lib/armv7-m\libc.a(lib_a-locale.o)
 .data.__mb_cur_max
                0x200704b8        0x4 c:/program files (x86)/atmel/atmel toolchain/arm gcc/native/4.8.1437/arm-gnu-toolchain/bin/../lib/gcc/arm-none-eabi/4.8.4/../../../../arm-none-eabi/lib/armv7-m\libc.a(lib_a-locale.o)
                0x200704b8                __mb_cur_max
 .data.__malloc_av_
                0x200704bc      0x408 c:/program files (x86)/atmel/atmel toolchain/arm gcc/native/4.8.1437/arm-gnu-toolchain/bin/../lib/gcc/arm-none-eabi/4.8.4/../../../../arm-none-eabi/lib/armv7-m\libc.a(lib_a-mallocr.o)
                0x200704bc                __malloc_av_
 .data.__malloc_trim_threshold
                0x200708c4        0x4 c:/program files (x86)/atmel/atmel toolchain/arm gcc/native/4.8.1437/arm-gnu-toolchain/bin/../lib/gcc/arm-none-eabi/4.8.4/../../../../arm-none-eabi/lib/armv7-m\libc.a(lib_a-mallocr.o)
                0x200708c4                __malloc_trim_threshold
 .data.__malloc_sbrk_base
                0x200708c8        0x4 c:/program files (x86)/atmel/atmel toolchain/arm gcc/native/4.8.1437/arm-gnu-toolchain/bin/../lib/gcc/arm-none-eabi/4.8.4/../../../../arm-none-eabi/lib/armv7-m\libc.a(lib_a-mallocr.o)
                0x200708c8                __malloc_sbrk_base
 .data.__mbtowc
                0x200708cc        0x4 c:/program files (x86)/atmel/atmel toolchain/arm gcc/native/4.8.1437/arm-gnu-toolchain/bin/../lib/gcc/arm-none-eabi/4.8.4/../../../../arm-none-eabi/lib/armv7-m\libc.a(lib_a-mbtowc_r.o)
                0x200708cc                __mbtowc
 .data.__wctomb
                0x200708d0        0x4 c:/program files (x86)/atmel/atmel toolchain/arm gcc/native/4.8.1437/arm-gnu-toolchain/bin/../lib/gcc/arm-none-eabi/4.8.4/../../../../arm-none-eabi/lib/armv7-m\libc.a(lib_a-wctomb_r.o)
                0x200708d0                __wctomb
                0x200708d4                . = ALIGN (0x4)
                0x200708d4                _erelocate = .

.bss            0x200708d8     0x8300 load address 0x0008ad80
                0x200708d8                . = ALIGN (0x4)
                0x200708d8                _sbss = .
                0x200708d8                _szero = .
 *(.bss .bss.*)
 .bss           0x200708d8       0x1c c:/program files (x86)/atmel/atmel toolchain/arm gcc/native/4.8.1437/arm-gnu-toolchain/bin/../lib/gcc/arm-none-eabi/4.8.4/armv7-m/crtbegin.o
 .bss.eDif      0x200708f4        0x4 src/PIDController.o
                0x200708f4                eDif
 .bss.eSum      0x200708f8        0x4 src/PIDController.o
                0x200708f8                eSum
 .bss.pwm_channel_instance
                0x200708fc       0x28 src/PWMFunctions.o
 .bss.sensorBuffer
                0x20070924       0x28 src/Sensor.o
 *fill*         0x2007094c        0x4 
 .bss.xHeap     0x20070950     0x8000 src/ASF/thirdparty/freertos/freertos-7.3.0/source/portable/memmang/heap_4.o
 .bss.pxEnd     0x20078950        0x4 src/ASF/thirdparty/freertos/freertos-7.3.0/source/portable/memmang/heap_4.o
 .bss.xStart    0x20078954        0x8 src/ASF/thirdparty/freertos/freertos-7.3.0/source/portable/memmang/heap_4.o
 .bss.uxMissedTicks
                0x2007895c        0x4 src/ASF/thirdparty/freertos/freertos-7.3.0/source/tasks.o
 .bss.xSuspendedTaskList
                0x20078960       0x14 src/ASF/thirdparty/freertos/freertos-7.3.0/source/tasks.o
 .bss.pxDelayedTaskList
                0x20078974        0x4 src/ASF/thirdparty/freertos/freertos-7.3.0/source/tasks.o
 .bss.xSchedulerRunning
                0x20078978        0x4 src/ASF/thirdparty/freertos/freertos-7.3.0/source/tasks.o
 .bss.uxTasksDeleted
                0x2007897c        0x4 src/ASF/thirdparty/freertos/freertos-7.3.0/source/tasks.o
 .bss.xTasksWaitingTermination
                0x20078980       0x14 src/ASF/thirdparty/freertos/freertos-7.3.0/source/tasks.o
 .bss.xDelayedTaskList2
                0x20078994       0x14 src/ASF/thirdparty/freertos/freertos-7.3.0/source/tasks.o
 .bss.uxTopReadyPriority
                0x200789a8        0x4 src/ASF/thirdparty/freertos/freertos-7.3.0/source/tasks.o
 .bss.pxReadyTasksLists
                0x200789ac       0xc8 src/ASF/thirdparty/freertos/freertos-7.3.0/source/tasks.o
 .bss.uxSchedulerSuspended
                0x20078a74        0x4 src/ASF/thirdparty/freertos/freertos-7.3.0/source/tasks.o
 .bss.pxCurrentTCB
                0x20078a78        0x4 src/ASF/thirdparty/freertos/freertos-7.3.0/source/tasks.o
                0x20078a78                pxCurrentTCB
 .bss.xPendingReadyList
                0x20078a7c       0x14 src/ASF/thirdparty/freertos/freertos-7.3.0/source/tasks.o
 .bss.xNumOfOverflows
                0x20078a90        0x4 src/ASF/thirdparty/freertos/freertos-7.3.0/source/tasks.o
 .bss.xTickCount
                0x20078a94        0x2 src/ASF/thirdparty/freertos/freertos-7.3.0/source/tasks.o
 *fill*         0x20078a96        0x2 
 .bss.pxOverflowDelayedTaskList
                0x20078a98        0x4 src/ASF/thirdparty/freertos/freertos-7.3.0/source/tasks.o
 .bss.uxTaskNumber
                0x20078a9c        0x4 src/ASF/thirdparty/freertos/freertos-7.3.0/source/tasks.o
 .bss.xDelayedTaskList1
                0x20078aa0       0x14 src/ASF/thirdparty/freertos/freertos-7.3.0/source/tasks.o
 .bss.xMissedYield
                0x20078ab4        0x4 src/ASF/thirdparty/freertos/freertos-7.3.0/source/tasks.o
 .bss.uxCurrentNumberOfTasks
                0x20078ab8        0x4 src/ASF/thirdparty/freertos/freertos-7.3.0/source/tasks.o
 .bss.uxTopUsedPriority
                0x20078abc        0x4 src/ASF/thirdparty/freertos/freertos-7.3.0/source/tasks.o
 .bss.pxCurrentTimerList
                0x20078ac0        0x4 src/ASF/thirdparty/freertos/freertos-7.3.0/source/timers.o
 .bss.xActiveTimerList1
                0x20078ac4       0x14 src/ASF/thirdparty/freertos/freertos-7.3.0/source/timers.o
 .bss.xActiveTimerList2
                0x20078ad8       0x14 src/ASF/thirdparty/freertos/freertos-7.3.0/source/timers.o
 .bss.xLastTime.4484
                0x20078aec        0x2 src/ASF/thirdparty/freertos/freertos-7.3.0/source/timers.o
 *fill*         0x20078aee        0x2 
 .bss.xTimerQueue
                0x20078af0        0x4 src/ASF/thirdparty/freertos/freertos-7.3.0/source/timers.o
 .bss.pxOverflowTimerList
                0x20078af4        0x4 src/ASF/thirdparty/freertos/freertos-7.3.0/source/timers.o
 .bss.gs_interrupt_sources
                0x20078af8       0x70 src/ASF/sam/drivers/pio/pio_handler.o
 .bss.heap.5098
                0x20078b68        0x4 src/ASF/sam/utils/syscalls/gcc/syscalls.o
 .bss.__malloc_max_total_mem
                0x20078b6c        0x4 c:/program files (x86)/atmel/atmel toolchain/arm gcc/native/4.8.1437/arm-gnu-toolchain/bin/../lib/gcc/arm-none-eabi/4.8.4/../../../../arm-none-eabi/lib/armv7-m\libc.a(lib_a-mallocr.o)
                0x20078b6c                __malloc_max_total_mem
 .bss.__malloc_max_sbrked_mem
                0x20078b70        0x4 c:/program files (x86)/atmel/atmel toolchain/arm gcc/native/4.8.1437/arm-gnu-toolchain/bin/../lib/gcc/arm-none-eabi/4.8.4/../../../../arm-none-eabi/lib/armv7-m\libc.a(lib_a-mallocr.o)
                0x20078b70                __malloc_max_sbrked_mem
 .bss.__malloc_top_pad
                0x20078b74        0x4 c:/program files (x86)/atmel/atmel toolchain/arm gcc/native/4.8.1437/arm-gnu-toolchain/bin/../lib/gcc/arm-none-eabi/4.8.4/../../../../arm-none-eabi/lib/armv7-m\libc.a(lib_a-mallocr.o)
                0x20078b74                __malloc_top_pad
 .bss.__malloc_current_mallinfo
                0x20078b78       0x28 c:/program files (x86)/atmel/atmel toolchain/arm gcc/native/4.8.1437/arm-gnu-toolchain/bin/../lib/gcc/arm-none-eabi/4.8.4/../../../../arm-none-eabi/lib/armv7-m\libc.a(lib_a-mallocr.o)
                0x20078b78                __malloc_current_mallinfo
 *(COMMON)
 COMMON         0x20078ba0        0x4 src/ASF/common/utils/stdio/read.o
                0x20078ba0                ptr_get
 COMMON         0x20078ba4       0x28 src/Communication.o
                0x20078ba4                recivedData
 COMMON         0x20078bcc        0x8 src/ASF/common/utils/stdio/write.o
                0x20078bcc                ptr_put
                0x20078bd0                stdio_base
 COMMON         0x20078bd4        0x4 c:/program files (x86)/atmel/atmel toolchain/arm gcc/native/4.8.1437/arm-gnu-toolchain/bin/../lib/gcc/arm-none-eabi/4.8.4/../../../../arm-none-eabi/lib/armv7-m\libc.a(lib_a-reent.o)
                0x20078bd4                errno
                0x20078bd8                . = ALIGN (0x4)
                0x20078bd8                _ebss = .
                0x20078bd8                _ezero = .

.stack          0x20078bd8     0x2000 load address 0x00093080
                0x20078bd8                . = ALIGN (0x8)
                0x20078bd8                _sstack = .
                0x2007abd8                . = (. + __stack_size__)
 *fill*         0x20078bd8     0x2000 
                0x2007abd8                . = ALIGN (0x8)
                0x2007abd8                _estack = .
                0x2007abd8                . = ALIGN (0x4)
                0x2007abd8                _end = .
OUTPUT(ExitProject.elf elf32-littlearm)

.ARM.attributes
                0x00000000       0x29
 .ARM.attributes
                0x00000000       0x1d c:/program files (x86)/atmel/atmel toolchain/arm gcc/native/4.8.1437/arm-gnu-toolchain/bin/../lib/gcc/arm-none-eabi/4.8.4/armv7-m/crti.o
 .ARM.attributes
                0x0000001d       0x2d c:/program files (x86)/atmel/atmel toolchain/arm gcc/native/4.8.1437/arm-gnu-toolchain/bin/../lib/gcc/arm-none-eabi/4.8.4/armv7-m/crtbegin.o
 .ARM.attributes
                0x0000004a       0x33 src/ASF/common/utils/stdio/read.o
 .ARM.attributes
                0x0000007d       0x33 src/ASF/sam/drivers/adc/adc.o
 .ARM.attributes
                0x000000b0       0x33 src/ASF/sam/drivers/pwm/pwm.o
 .ARM.attributes
                0x000000e3       0x33 src/Communication.o
 .ARM.attributes
                0x00000116       0x33 src/PIDController.o
 .ARM.attributes
                0x00000149       0x33 src/PWMFunctions.o
 .ARM.attributes
                0x0000017c       0x33 src/Sensor.o
 .ARM.attributes
                0x000001af       0x33 src/ASF/thirdparty/freertos/freertos-7.3.0/source/list.o
 .ARM.attributes
                0x000001e2       0x33 src/ASF/thirdparty/freertos/freertos-7.3.0/source/portable/gcc/sam/port.o
 .ARM.attributes
                0x00000215       0x33 src/ASF/thirdparty/freertos/freertos-7.3.0/source/portable/memmang/heap_4.o
 .ARM.attributes
                0x00000248       0x33 src/ASF/thirdparty/freertos/freertos-7.3.0/source/queue.o
 .ARM.attributes
                0x0000027b       0x33 src/ASF/thirdparty/freertos/freertos-7.3.0/source/tasks.o
 .ARM.attributes
                0x000002ae       0x33 src/ASF/thirdparty/freertos/freertos-7.3.0/source/timers.o
 .ARM.attributes
                0x000002e1       0x33 src/ASF/common/utils/stdio/write.o
 .ARM.attributes
                0x00000314       0x33 src/ASF/sam/drivers/uart/uart.o
 .ARM.attributes
                0x00000347       0x33 src/ASF/sam/drivers/usart/usart.o
 .ARM.attributes
                0x0000037a       0x33 src/ASF/common/services/clock/sam3x/sysclk.o
 .ARM.attributes
                0x000003ad       0x33 src/ASF/sam/boards/arduino_due_x/init.o
 .ARM.attributes
                0x000003e0       0x33 src/ASF/sam/drivers/pio/pio.o
 .ARM.attributes
                0x00000413       0x33 src/ASF/sam/drivers/pio/pio_handler.o
 .ARM.attributes
                0x00000446       0x33 src/ASF/sam/drivers/pmc/pmc.o
 .ARM.attributes
                0x00000479       0x33 src/ASF/sam/utils/cmsis/sam3x/source/templates/exceptions.o
 .ARM.attributes
                0x000004ac       0x33 src/ASF/sam/utils/cmsis/sam3x/source/templates/gcc/startup_sam3x.o
 .ARM.attributes
                0x000004df       0x33 src/ASF/sam/utils/cmsis/sam3x/source/templates/system_sam3x.o
 .ARM.attributes
                0x00000512       0x33 src/ASF/sam/utils/syscalls/gcc/syscalls.o
 .ARM.attributes
                0x00000545       0x33 src/main.o
 .ARM.attributes
                0x00000578       0x1d c:/program files (x86)/atmel/atmel toolchain/arm gcc/native/4.8.1437/arm-gnu-toolchain/bin/../lib/gcc/arm-none-eabi/4.8.4/armv7-m\libgcc.a(_arm_addsubdf3.o)
 .ARM.attributes
                0x00000595       0x1d c:/program files (x86)/atmel/atmel toolchain/arm gcc/native/4.8.1437/arm-gnu-toolchain/bin/../lib/gcc/arm-none-eabi/4.8.4/armv7-m\libgcc.a(_arm_muldivdf3.o)
 .ARM.attributes
                0x000005b2       0x1d c:/program files (x86)/atmel/atmel toolchain/arm gcc/native/4.8.1437/arm-gnu-toolchain/bin/../lib/gcc/arm-none-eabi/4.8.4/armv7-m\libgcc.a(_arm_truncdfsf2.o)
 .ARM.attributes
                0x000005cf       0x1d c:/program files (x86)/atmel/atmel toolchain/arm gcc/native/4.8.1437/arm-gnu-toolchain/bin/../lib/gcc/arm-none-eabi/4.8.4/armv7-m\libgcc.a(_arm_addsubsf3.o)
 .ARM.attributes
                0x000005ec       0x1d c:/program files (x86)/atmel/atmel toolchain/arm gcc/native/4.8.1437/arm-gnu-toolchain/bin/../lib/gcc/arm-none-eabi/4.8.4/armv7-m\libgcc.a(_arm_muldivsf3.o)
 .ARM.attributes
                0x00000609       0x1d c:/program files (x86)/atmel/atmel toolchain/arm gcc/native/4.8.1437/arm-gnu-toolchain/bin/../lib/gcc/arm-none-eabi/4.8.4/armv7-m\libgcc.a(_arm_cmpsf2.o)
 .ARM.attributes
                0x00000626       0x1d c:/program files (x86)/atmel/atmel toolchain/arm gcc/native/4.8.1437/arm-gnu-toolchain/bin/../lib/gcc/arm-none-eabi/4.8.4/armv7-m\libgcc.a(_arm_fixsfsi.o)
 .ARM.attributes
                0x00000643       0x1d c:/program files (x86)/atmel/atmel toolchain/arm gcc/native/4.8.1437/arm-gnu-toolchain/bin/../lib/gcc/arm-none-eabi/4.8.4/armv7-m\libgcc.a(_arm_fixunssfsi.o)
 .ARM.attributes
                0x00000660       0x2d c:/program files (x86)/atmel/atmel toolchain/arm gcc/native/4.8.1437/arm-gnu-toolchain/bin/../lib/gcc/arm-none-eabi/4.8.4/../../../../arm-none-eabi/lib/armv7-m\libc.a(lib_a-atof.o)
 .ARM.attributes
                0x0000068d       0x2d c:/program files (x86)/atmel/atmel toolchain/arm gcc/native/4.8.1437/arm-gnu-toolchain/bin/../lib/gcc/arm-none-eabi/4.8.4/../../../../arm-none-eabi/lib/armv7-m\libc.a(lib_a-impure.o)
 .ARM.attributes
                0x000006ba       0x2d c:/program files (x86)/atmel/atmel toolchain/arm gcc/native/4.8.1437/arm-gnu-toolchain/bin/../lib/gcc/arm-none-eabi/4.8.4/../../../../arm-none-eabi/lib/armv7-m\libc.a(lib_a-init.o)
 .ARM.attributes
                0x000006e7       0x2d c:/program files (x86)/atmel/atmel toolchain/arm gcc/native/4.8.1437/arm-gnu-toolchain/bin/../lib/gcc/arm-none-eabi/4.8.4/../../../../arm-none-eabi/lib/armv7-m\libc.a(lib_a-iprintf.o)
 .ARM.attributes
                0x00000714       0x2d c:/program files (x86)/atmel/atmel toolchain/arm gcc/native/4.8.1437/arm-gnu-toolchain/bin/../lib/gcc/arm-none-eabi/4.8.4/../../../../arm-none-eabi/lib/armv7-m\libc.a(lib_a-iscanf.o)
 .ARM.attributes
                0x00000741       0x1b c:/program files (x86)/atmel/atmel toolchain/arm gcc/native/4.8.1437/arm-gnu-toolchain/bin/../lib/gcc/arm-none-eabi/4.8.4/../../../../arm-none-eabi/lib/armv7-m\libc.a(lib_a-memcpy.o)
 .ARM.attributes
                0x0000075c       0x2d c:/program files (x86)/atmel/atmel toolchain/arm gcc/native/4.8.1437/arm-gnu-toolchain/bin/../lib/gcc/arm-none-eabi/4.8.4/../../../../arm-none-eabi/lib/armv7-m\libc.a(lib_a-memset.o)
 .ARM.attributes
                0x00000789       0x2d c:/program files (x86)/atmel/atmel toolchain/arm gcc/native/4.8.1437/arm-gnu-toolchain/bin/../lib/gcc/arm-none-eabi/4.8.4/../../../../arm-none-eabi/lib/armv7-m\libc.a(lib_a-setbuf.o)
 .ARM.attributes
                0x000007b6       0x2d c:/program files (x86)/atmel/atmel toolchain/arm gcc/native/4.8.1437/arm-gnu-toolchain/bin/../lib/gcc/arm-none-eabi/4.8.4/../../../../arm-none-eabi/lib/armv7-m\libc.a(lib_a-setvbuf.o)
 .ARM.attributes
                0x000007e3       0x2d c:/program files (x86)/atmel/atmel toolchain/arm gcc/native/4.8.1437/arm-gnu-toolchain/bin/../lib/gcc/arm-none-eabi/4.8.4/../../../../arm-none-eabi/lib/armv7-m\libc.a(lib_a-strlen.o)
 .ARM.attributes
                0x00000810       0x2d c:/program files (x86)/atmel/atmel toolchain/arm gcc/native/4.8.1437/arm-gnu-toolchain/bin/../lib/gcc/arm-none-eabi/4.8.4/../../../../arm-none-eabi/lib/armv7-m\libc.a(lib_a-strncmp.o)
 .ARM.attributes
                0x0000083d       0x2d c:/program files (x86)/atmel/atmel toolchain/arm gcc/native/4.8.1437/arm-gnu-toolchain/bin/../lib/gcc/arm-none-eabi/4.8.4/../../../../arm-none-eabi/lib/armv7-m\libc.a(lib_a-strncpy.o)
 .ARM.attributes
                0x0000086a       0x2d c:/program files (x86)/atmel/atmel toolchain/arm gcc/native/4.8.1437/arm-gnu-toolchain/bin/../lib/gcc/arm-none-eabi/4.8.4/../../../../arm-none-eabi/lib/armv7-m\libc.a(lib_a-strtod.o)
 .ARM.attributes
                0x00000897       0x2d c:/program files (x86)/atmel/atmel toolchain/arm gcc/native/4.8.1437/arm-gnu-toolchain/bin/../lib/gcc/arm-none-eabi/4.8.4/../../../../arm-none-eabi/lib/armv7-m\libc.a(lib_a-vfiprintf.o)
 .ARM.attributes
                0x000008c4       0x2d c:/program files (x86)/atmel/atmel toolchain/arm gcc/native/4.8.1437/arm-gnu-toolchain/bin/../lib/gcc/arm-none-eabi/4.8.4/../../../../arm-none-eabi/lib/armv7-m\libc.a(lib_a-vfiscanf.o)
 .ARM.attributes
                0x000008f1       0x2d c:/program files (x86)/atmel/atmel toolchain/arm gcc/native/4.8.1437/arm-gnu-toolchain/bin/../lib/gcc/arm-none-eabi/4.8.4/../../../../arm-none-eabi/lib/armv7-m\libc.a(lib_a-wsetup.o)
 .ARM.attributes
                0x0000091e       0x2d c:/program files (x86)/atmel/atmel toolchain/arm gcc/native/4.8.1437/arm-gnu-toolchain/bin/../lib/gcc/arm-none-eabi/4.8.4/../../../../arm-none-eabi/lib/armv7-m\libc.a(lib_a-__call_atexit.o)
 .ARM.attributes
                0x0000094b       0x2d c:/program files (x86)/atmel/atmel toolchain/arm gcc/native/4.8.1437/arm-gnu-toolchain/bin/../lib/gcc/arm-none-eabi/4.8.4/../../../../arm-none-eabi/lib/armv7-m\libc.a(lib_a-atexit.o)
 .ARM.attributes
                0x00000978       0x2d c:/program files (x86)/atmel/atmel toolchain/arm gcc/native/4.8.1437/arm-gnu-toolchain/bin/../lib/gcc/arm-none-eabi/4.8.4/../../../../arm-none-eabi/lib/armv7-m\libc.a(lib_a-ctype_.o)
 .ARM.attributes
                0x000009a5       0x2d c:/program files (x86)/atmel/atmel toolchain/arm gcc/native/4.8.1437/arm-gnu-toolchain/bin/../lib/gcc/arm-none-eabi/4.8.4/../../../../arm-none-eabi/lib/armv7-m\libc.a(lib_a-fflush.o)
 .ARM.attributes
                0x000009d2       0x2d c:/program files (x86)/atmel/atmel toolchain/arm gcc/native/4.8.1437/arm-gnu-toolchain/bin/../lib/gcc/arm-none-eabi/4.8.4/../../../../arm-none-eabi/lib/armv7-m\libc.a(lib_a-findfp.o)
 .ARM.attributes
                0x000009ff       0x2d c:/program files (x86)/atmel/atmel toolchain/arm gcc/native/4.8.1437/arm-gnu-toolchain/bin/../lib/gcc/arm-none-eabi/4.8.4/../../../../arm-none-eabi/lib/armv7-m\libc.a(lib_a-fini.o)
 .ARM.attributes
                0x00000a2c       0x2d c:/program files (x86)/atmel/atmel toolchain/arm gcc/native/4.8.1437/arm-gnu-toolchain/bin/../lib/gcc/arm-none-eabi/4.8.4/../../../../arm-none-eabi/lib/armv7-m\libc.a(lib_a-fputwc.o)
 .ARM.attributes
                0x00000a59       0x2d c:/program files (x86)/atmel/atmel toolchain/arm gcc/native/4.8.1437/arm-gnu-toolchain/bin/../lib/gcc/arm-none-eabi/4.8.4/../../../../arm-none-eabi/lib/armv7-m\libc.a(lib_a-fread.o)
 .ARM.attributes
                0x00000a86       0x2d c:/program files (x86)/atmel/atmel toolchain/arm gcc/native/4.8.1437/arm-gnu-toolchain/bin/../lib/gcc/arm-none-eabi/4.8.4/../../../../arm-none-eabi/lib/armv7-m\libc.a(lib_a-freer.o)
 .ARM.attributes
                0x00000ab3       0x2d c:/program files (x86)/atmel/atmel toolchain/arm gcc/native/4.8.1437/arm-gnu-toolchain/bin/../lib/gcc/arm-none-eabi/4.8.4/../../../../arm-none-eabi/lib/armv7-m\libc.a(lib_a-fvwrite.o)
 .ARM.attributes
                0x00000ae0       0x2d c:/program files (x86)/atmel/atmel toolchain/arm gcc/native/4.8.1437/arm-gnu-toolchain/bin/../lib/gcc/arm-none-eabi/4.8.4/../../../../arm-none-eabi/lib/armv7-m\libc.a(lib_a-fwalk.o)
 .ARM.attributes
                0x00000b0d       0x2d c:/program files (x86)/atmel/atmel toolchain/arm gcc/native/4.8.1437/arm-gnu-toolchain/bin/../lib/gcc/arm-none-eabi/4.8.4/../../../../arm-none-eabi/lib/armv7-m\libc.a(lib_a-gdtoa-gethex.o)
 .ARM.attributes
                0x00000b3a       0x2d c:/program files (x86)/atmel/atmel toolchain/arm gcc/native/4.8.1437/arm-gnu-toolchain/bin/../lib/gcc/arm-none-eabi/4.8.4/../../../../arm-none-eabi/lib/armv7-m\libc.a(lib_a-gdtoa-hexnan.o)
 .ARM.attributes
                0x00000b67       0x2d c:/program files (x86)/atmel/atmel toolchain/arm gcc/native/4.8.1437/arm-gnu-toolchain/bin/../lib/gcc/arm-none-eabi/4.8.4/../../../../arm-none-eabi/lib/armv7-m\libc.a(lib_a-iswspace.o)
 .ARM.attributes